   Compiling reth-evm v2.4.1 (/tmp/n42-ci-repro-j5wu4xcf/reth/crates/evm/evm)
   Compiling reth-engine-primitives v2.4.1 (/tmp/n42-ci-repro-j5wu4xcf/reth/crates/engine/primitives)
   Compiling reth-evm-ethereum v2.4.1 (/tmp/n42-ci-repro-j5wu4xcf/reth/crates/ethereum/evm)
   Compiling reth-ethereum-engine-primitives v2.4.1 (/tmp/n42-ci-repro-j5wu4xcf/reth/crates/ethereum/engine-primitives)
   Compiling reth-node-types v2.4.1 (/tmp/n42-ci-repro-j5wu4xcf/reth/crates/node/types)
   Compiling reth-provider v2.4.1 (/tmp/n42-ci-repro-j5wu4xcf/reth/crates/storage/provider)
   Compiling reth-transaction-pool v2.4.1 (/tmp/n42-ci-repro-j5wu4xcf/reth/crates/transaction-pool)
   Compiling reth-rpc-convert v2.4.1 (/tmp/n42-ci-repro-j5wu4xcf/reth/crates/rpc/rpc-convert)
   Compiling reth-execution-cache v2.4.1 (/tmp/n42-ci-repro-j5wu4xcf/reth/crates/engine/execution-cache)
   Compiling reth-trie-parallel v2.4.1 (/tmp/n42-ci-repro-j5wu4xcf/reth/crates/trie/parallel)
   Compiling reth-rpc-eth-types v2.4.1 (/tmp/n42-ci-repro-j5wu4xcf/reth/crates/rpc/rpc-eth-types)
   Compiling reth-payload-builder v2.4.1 (/tmp/n42-ci-repro-j5wu4xcf/reth/crates/payload/builder)
   Compiling reth-engine-local v2.4.1 (/tmp/n42-ci-repro-j5wu4xcf/reth/crates/engine/local)
   Compiling reth-basic-payload-builder v2.4.1 (/tmp/n42-ci-repro-j5wu4xcf/reth/crates/payload/basic)
   Compiling reth-network v2.4.1 (/tmp/n42-ci-repro-j5wu4xcf/reth/crates/net/network)
   Compiling reth-prune v2.4.1 (/tmp/n42-ci-repro-j5wu4xcf/reth/crates/prune/prune)
   Compiling reth-static-file v2.4.1 (/tmp/n42-ci-repro-j5wu4xcf/reth/crates/static-file/static-file)
   Compiling reth-stages-api v2.4.1 (/tmp/n42-ci-repro-j5wu4xcf/reth/crates/stages/api)
   Compiling reth-node-core v2.4.1 (/tmp/n42-ci-repro-j5wu4xcf/reth/crates/node/core)
   Compiling n42-execution v0.5.1 (/tmp/n42-ci-repro-j5wu4xcf/n42-26/crates/n42-execution)
   Compiling reth-era-utils v2.4.1 (/tmp/n42-ci-repro-j5wu4xcf/reth/crates/era-utils)
   Compiling reth-node-api v2.4.1 (/tmp/n42-ci-repro-j5wu4xcf/reth/crates/node/api)
   Compiling n42-jmt v0.5.1 (/tmp/n42-ci-repro-j5wu4xcf/n42-26/crates/n42-jmt)
   Compiling reth-rpc-eth-api v2.4.1 (/tmp/n42-ci-repro-j5wu4xcf/reth/crates/rpc/rpc-eth-api)
   Compiling reth-exex v2.4.1 (/tmp/n42-ci-repro-j5wu4xcf/reth/crates/exex/exex)
   Compiling reth-stages v2.4.1 (/tmp/n42-ci-repro-j5wu4xcf/reth/crates/stages/stages)
   Compiling reth-rpc-api v2.4.1 (/tmp/n42-ci-repro-j5wu4xcf/reth/crates/rpc/rpc-api)
   Compiling reth-engine-tree v2.4.1 (/tmp/n42-ci-repro-j5wu4xcf/reth/crates/engine/tree)
   Compiling reth-rpc-engine-api v2.4.1 (/tmp/n42-ci-repro-j5wu4xcf/reth/crates/rpc/rpc-engine-api)
   Compiling reth-rpc v2.4.1 (/tmp/n42-ci-repro-j5wu4xcf/reth/crates/rpc/rpc)
   Compiling reth-engine-util v2.4.1 (/tmp/n42-ci-repro-j5wu4xcf/reth/crates/engine/util)
   Compiling reth-rpc-builder v2.4.1 (/tmp/n42-ci-repro-j5wu4xcf/reth/crates/rpc/rpc-builder)
   Compiling reth-invalid-block-hooks v2.4.1 (/tmp/n42-ci-repro-j5wu4xcf/reth/crates/engine/invalid-block-hooks)
   Compiling reth-node-events v2.4.1 (/tmp/n42-ci-repro-j5wu4xcf/reth/crates/node/events)
   Compiling n42-consensus v0.5.1 (/tmp/n42-ci-repro-j5wu4xcf/n42-26/crates/n42-consensus)
   Compiling reth-consensus-debug-client v2.4.1 (/tmp/n42-ci-repro-j5wu4xcf/reth/crates/consensus/debug-client)
   Compiling n42-mobile v0.5.1 (/tmp/n42-ci-repro-j5wu4xcf/n42-26/crates/n42-mobile)
   Compiling reth-db-common v2.4.1 (/tmp/n42-ci-repro-j5wu4xcf/reth/crates/storage/db-common)
   Compiling reth-node-ethstats v2.4.1 (/tmp/n42-ci-repro-j5wu4xcf/reth/crates/node/ethstats)
   Compiling reth-node-builder v2.4.1 (/tmp/n42-ci-repro-j5wu4xcf/reth/crates/node/builder)
   Compiling n42-network v0.5.1 (/tmp/n42-ci-repro-j5wu4xcf/n42-26/crates/n42-network)
   Compiling reth-ethereum-payload-builder v2.4.1 (/tmp/n42-ci-repro-j5wu4xcf/reth/crates/ethereum/payload)
   Compiling reth-node-ethereum v2.4.1 (/tmp/n42-ci-repro-j5wu4xcf/reth/crates/ethereum/node)
   Compiling n42-consensus-service v0.5.1 (/tmp/n42-ci-repro-j5wu4xcf/n42-26/crates/n42-consensus-service)
   Compiling n42-node v0.5.1 (/tmp/n42-ci-repro-j5wu4xcf/n42-26/crates/n42-node)
    Finished `test` profile [unoptimized + debuginfo] target(s) in 19.03s
warning: the following packages contain code that will be rejected by a future version of Rust: proc-macro-error2 v2.0.1
note: to see what the problems were, use the option `--future-incompat-report`, or run `cargo report future-incompatibilities --id 1`
     Running tests/parallel_qmdb_builder.rs (target/debug/deps/parallel_qmdb_builder-4700ccdadcff8fd8)

running 1 test
test default_cancun_builder_reads_qmdb_and_prepares_the_native_root ... ok

test result: ok. 1 passed; 0 failed; 0 ignored; 0 measured; 0 filtered out; finished in 5.26s

