warning: Cargo.toml: `lints.clippy.missing-const-for-fn` is deprecated in favor of `lints.clippy.missing_const_for_fn` and will not work in a future edition
warning: workspace (manifest) generated 1 warning
warning: crates/storage/db-models/Cargo.toml: `lints.clippy.missing-const-for-fn` is deprecated in favor of `lints.clippy.missing_const_for_fn` and will not work in a future edition
warning: `reth-db-models` (manifest) generated 1 warning
warning: crates/tracing-otlp/Cargo.toml: `lints.clippy.missing-const-for-fn` is deprecated in favor of `lints.clippy.missing_const_for_fn` and will not work in a future edition
warning: `reth-tracing-otlp` (manifest) generated 1 warning
warning: crates/net/downloaders/Cargo.toml: `lints.clippy.missing-const-for-fn` is deprecated in favor of `lints.clippy.missing_const_for_fn` and will not work in a future edition
warning: `reth-downloaders` (manifest) generated 1 warning
warning: crates/errors/Cargo.toml: `lints.clippy.missing-const-for-fn` is deprecated in favor of `lints.clippy.missing_const_for_fn` and will not work in a future edition
warning: `reth-errors` (manifest) generated 1 warning
warning: crates/storage/db/Cargo.toml: `lints.clippy.missing-const-for-fn` is deprecated in favor of `lints.clippy.missing_const_for_fn` and will not work in a future edition
warning: `reth-db` (manifest) generated 1 warning
warning: crates/payload/primitives/Cargo.toml: `lints.clippy.missing-const-for-fn` is deprecated in favor of `lints.clippy.missing_const_for_fn` and will not work in a future edition
warning: `reth-payload-primitives` (manifest) generated 1 warning
warning: crates/prune/types/Cargo.toml: `lints.clippy.missing-const-for-fn` is deprecated in favor of `lints.clippy.missing_const_for_fn` and will not work in a future edition
warning: `reth-prune-types` (manifest) generated 1 warning
warning: crates/consensus/common/Cargo.toml: `lints.clippy.missing-const-for-fn` is deprecated in favor of `lints.clippy.missing_const_for_fn` and will not work in a future edition
warning: `reth-consensus-common` (manifest) generated 1 warning
warning: crates/exex/types/Cargo.toml: `lints.clippy.missing-const-for-fn` is deprecated in favor of `lints.clippy.missing_const_for_fn` and will not work in a future edition
warning: `reth-exex-types` (manifest) generated 1 warning
warning: crates/ethereum/cli/Cargo.toml: `lints.clippy.missing-const-for-fn` is deprecated in favor of `lints.clippy.missing_const_for_fn` and will not work in a future edition
warning: `reth-ethereum-cli` (manifest) generated 1 warning
warning: crates/net/nat/Cargo.toml: `lints.clippy.missing-const-for-fn` is deprecated in favor of `lints.clippy.missing_const_for_fn` and will not work in a future edition
warning: `reth-net-nat` (manifest) generated 1 warning
warning: crates/rpc/rpc-eth-api/Cargo.toml: `lints.clippy.missing-const-for-fn` is deprecated in favor of `lints.clippy.missing_const_for_fn` and will not work in a future edition
warning: `reth-rpc-eth-api` (manifest) generated 1 warning
warning: crates/node/api/Cargo.toml: `lints.clippy.missing-const-for-fn` is deprecated in favor of `lints.clippy.missing_const_for_fn` and will not work in a future edition
warning: `reth-node-api` (manifest) generated 1 warning
warning: crates/net/dns/Cargo.toml: `lints.clippy.missing-const-for-fn` is deprecated in favor of `lints.clippy.missing_const_for_fn` and will not work in a future edition
warning: `reth-dns-discovery` (manifest) generated 1 warning
warning: crates/exex/test-utils/Cargo.toml: `lints.clippy.missing-const-for-fn` is deprecated in favor of `lints.clippy.missing_const_for_fn` and will not work in a future edition
warning: `reth-exex-test-utils` (manifest) generated 1 warning
warning: crates/net/discv4/Cargo.toml: `lints.clippy.missing-const-for-fn` is deprecated in favor of `lints.clippy.missing_const_for_fn` and will not work in a future edition
warning: `reth-discv4` (manifest) generated 1 warning
warning: crates/chain-state/Cargo.toml: `lints.clippy.missing-const-for-fn` is deprecated in favor of `lints.clippy.missing_const_for_fn` and will not work in a future edition
warning: `reth-chain-state` (manifest) generated 1 warning
warning: crates/exex/exex/Cargo.toml: `lints.clippy.missing-const-for-fn` is deprecated in favor of `lints.clippy.missing_const_for_fn` and will not work in a future edition
warning: `reth-exex` (manifest) generated 1 warning
warning: crates/net/network-api/Cargo.toml: `lints.clippy.missing-const-for-fn` is deprecated in favor of `lints.clippy.missing_const_for_fn` and will not work in a future edition
warning: `reth-network-api` (manifest) generated 1 warning
warning: crates/net/network-types/Cargo.toml: `lints.clippy.missing-const-for-fn` is deprecated in favor of `lints.clippy.missing_const_for_fn` and will not work in a future edition
warning: `reth-network-types` (manifest) generated 1 warning
warning: crates/consensus/consensus/Cargo.toml: `lints.clippy.missing-const-for-fn` is deprecated in favor of `lints.clippy.missing_const_for_fn` and will not work in a future edition
warning: `reth-consensus` (manifest) generated 1 warning
warning: crates/rpc/rpc/Cargo.toml: `lints.clippy.missing-const-for-fn` is deprecated in favor of `lints.clippy.missing_const_for_fn` and will not work in a future edition
warning: `reth-rpc` (manifest) generated 1 warning
warning: crates/trie/db/Cargo.toml: `lints.clippy.missing-const-for-fn` is deprecated in favor of `lints.clippy.missing_const_for_fn` and will not work in a future edition
warning: `reth-trie-db` (manifest) generated 1 warning
warning: crates/cli/cli/Cargo.toml: `lints.clippy.missing-const-for-fn` is deprecated in favor of `lints.clippy.missing_const_for_fn` and will not work in a future edition
warning: `reth-cli` (manifest) generated 1 warning
warning: crates/stages/stages/Cargo.toml: `lints.clippy.missing-const-for-fn` is deprecated in favor of `lints.clippy.missing_const_for_fn` and will not work in a future edition
warning: `reth-stages` (manifest) generated 1 warning
warning: crates/rpc/rpc-api/Cargo.toml: `lints.clippy.missing-const-for-fn` is deprecated in favor of `lints.clippy.missing_const_for_fn` and will not work in a future edition
warning: `reth-rpc-api` (manifest) generated 1 warning
warning: crates/net/eth-wire-types/Cargo.toml: `lints.clippy.missing-const-for-fn` is deprecated in favor of `lints.clippy.missing_const_for_fn` and will not work in a future edition
warning: `reth-eth-wire-types` (manifest) generated 1 warning
warning: crates/net/banlist/Cargo.toml: `lints.clippy.missing-const-for-fn` is deprecated in favor of `lints.clippy.missing_const_for_fn` and will not work in a future edition
warning: `reth-net-banlist` (manifest) generated 1 warning
warning: crates/ethereum/primitives/Cargo.toml: `lints.clippy.missing-const-for-fn` is deprecated in favor of `lints.clippy.missing_const_for_fn` and will not work in a future edition
warning: `reth-ethereum-primitives` (manifest) generated 1 warning
warning: crates/trie/parallel/Cargo.toml: `lints.clippy.missing-const-for-fn` is deprecated in favor of `lints.clippy.missing_const_for_fn` and will not work in a future edition
warning: `reth-trie-parallel` (manifest) generated 1 warning
warning: crates/payload/util/Cargo.toml: `lints.clippy.missing-const-for-fn` is deprecated in favor of `lints.clippy.missing_const_for_fn` and will not work in a future edition
warning: `reth-payload-util` (manifest) generated 1 warning
warning: crates/node/builder/Cargo.toml: `lints.clippy.missing-const-for-fn` is deprecated in favor of `lints.clippy.missing_const_for_fn` and will not work in a future edition
warning: `reth-node-builder` (manifest) generated 1 warning
warning: crates/trie/trie/Cargo.toml: `lints.clippy.missing-const-for-fn` is deprecated in favor of `lints.clippy.missing_const_for_fn` and will not work in a future edition
warning: `reth-trie` (manifest) generated 1 warning
warning: crates/node/events/Cargo.toml: `lints.clippy.missing-const-for-fn` is deprecated in favor of `lints.clippy.missing_const_for_fn` and will not work in a future edition
warning: `reth-node-events` (manifest) generated 1 warning
warning: crates/storage/provider/Cargo.toml: `lints.clippy.missing-const-for-fn` is deprecated in favor of `lints.clippy.missing_const_for_fn` and will not work in a future edition
warning: `reth-provider` (manifest) generated 1 warning
warning: crates/e2e-test-utils/Cargo.toml: `lints.clippy.missing-const-for-fn` is deprecated in favor of `lints.clippy.missing_const_for_fn` and will not work in a future edition
warning: `reth-e2e-test-utils` (manifest) generated 1 warning
warning: crates/consensus/debug-client/Cargo.toml: `lints.clippy.missing-const-for-fn` is deprecated in favor of `lints.clippy.missing_const_for_fn` and will not work in a future edition
warning: `reth-consensus-debug-client` (manifest) generated 1 warning
warning: crates/evm/evm/Cargo.toml: `lints.clippy.missing-const-for-fn` is deprecated in favor of `lints.clippy.missing_const_for_fn` and will not work in a future edition
warning: `reth-evm` (manifest) generated 1 warning
warning: crates/config/Cargo.toml: `lints.clippy.missing-const-for-fn` is deprecated in favor of `lints.clippy.missing_const_for_fn` and will not work in a future edition
warning: `reth-config` (manifest) generated 1 warning
warning: crates/tracing/Cargo.toml: `lints.clippy.missing-const-for-fn` is deprecated in favor of `lints.clippy.missing_const_for_fn` and will not work in a future edition
warning: `reth-tracing` (manifest) generated 1 warning
warning: crates/payload/builder/Cargo.toml: `lints.clippy.missing-const-for-fn` is deprecated in favor of `lints.clippy.missing_const_for_fn` and will not work in a future edition
warning: `reth-payload-builder` (manifest) generated 1 warning
warning: crates/era-utils/Cargo.toml: `lints.clippy.missing-const-for-fn` is deprecated in favor of `lints.clippy.missing_const_for_fn` and will not work in a future edition
warning: `reth-era-utils` (manifest) generated 1 warning
warning: crates/prune/prune/Cargo.toml: `lints.clippy.missing-const-for-fn` is deprecated in favor of `lints.clippy.missing_const_for_fn` and will not work in a future edition
warning: `reth-prune` (manifest) generated 1 warning
warning: crates/evm/execution-types/Cargo.toml: `lints.clippy.missing-const-for-fn` is deprecated in favor of `lints.clippy.missing_const_for_fn` and will not work in a future edition
warning: `reth-execution-types` (manifest) generated 1 warning
warning: crates/net/network/Cargo.toml: `lints.clippy.missing-const-for-fn` is deprecated in favor of `lints.clippy.missing_const_for_fn` and will not work in a future edition
warning: `reth-network` (manifest) generated 1 warning
warning: crates/ethereum/payload/Cargo.toml: `lints.clippy.missing-const-for-fn` is deprecated in favor of `lints.clippy.missing_const_for_fn` and will not work in a future edition
warning: `reth-ethereum-payload-builder` (manifest) generated 1 warning
warning: crates/stages/api/Cargo.toml: `lints.clippy.missing-const-for-fn` is deprecated in favor of `lints.clippy.missing_const_for_fn` and will not work in a future edition
warning: `reth-stages-api` (manifest) generated 1 warning
warning: crates/ethereum/consensus/Cargo.toml: `lints.clippy.missing-const-for-fn` is deprecated in favor of `lints.clippy.missing_const_for_fn` and will not work in a future edition
warning: `reth-ethereum-consensus` (manifest) generated 1 warning
warning: crates/engine/execution-cache/Cargo.toml: `lints.clippy.missing-const-for-fn` is deprecated in favor of `lints.clippy.missing_const_for_fn` and will not work in a future edition
warning: `reth-execution-cache` (manifest) generated 1 warning
warning: crates/trie/sparse/Cargo.toml: `lints.clippy.missing-const-for-fn` is deprecated in favor of `lints.clippy.missing_const_for_fn` and will not work in a future edition
warning: `reth-trie-sparse` (manifest) generated 1 warning
warning: crates/storage/storage-overlay/Cargo.toml: `lints.clippy.missing-const-for-fn` is deprecated in favor of `lints.clippy.missing_const_for_fn` and will not work in a future edition
warning: `reth-storage-overlay` (manifest) generated 1 warning
warning: crates/evm/execution-errors/Cargo.toml: `lints.clippy.missing-const-for-fn` is deprecated in favor of `lints.clippy.missing_const_for_fn` and will not work in a future edition
warning: `reth-execution-errors` (manifest) generated 1 warning
warning: crates/node/types/Cargo.toml: `lints.clippy.missing-const-for-fn` is deprecated in favor of `lints.clippy.missing_const_for_fn` and will not work in a future edition
warning: `reth-node-types` (manifest) generated 1 warning
warning: crates/payload/validator/Cargo.toml: `lints.clippy.missing-const-for-fn` is deprecated in favor of `lints.clippy.missing_const_for_fn` and will not work in a future edition
warning: `reth-payload-validator` (manifest) generated 1 warning
warning: crates/ethereum/reth/Cargo.toml: `lints.clippy.missing-const-for-fn` is deprecated in favor of `lints.clippy.missing_const_for_fn` and will not work in a future edition
warning: `reth-ethereum` (manifest) generated 1 warning
warning: crates/metrics/Cargo.toml: `lints.clippy.missing-const-for-fn` is deprecated in favor of `lints.clippy.missing_const_for_fn` and will not work in a future edition
warning: `reth-metrics` (manifest) generated 1 warning
warning: crates/cli/util/Cargo.toml: `lints.clippy.missing-const-for-fn` is deprecated in favor of `lints.clippy.missing_const_for_fn` and will not work in a future edition
warning: `reth-cli-util` (manifest) generated 1 warning
warning: crates/rpc/rpc-convert/Cargo.toml: `lints.clippy.missing-const-for-fn` is deprecated in favor of `lints.clippy.missing_const_for_fn` and will not work in a future edition
warning: `reth-rpc-convert` (manifest) generated 1 warning
warning: crates/rpc/rpc-eth-types/Cargo.toml: `lints.clippy.missing-const-for-fn` is deprecated in favor of `lints.clippy.missing_const_for_fn` and will not work in a future edition
warning: `reth-rpc-eth-types` (manifest) generated 1 warning
warning: crates/rpc/ipc/Cargo.toml: `lints.clippy.missing-const-for-fn` is deprecated in favor of `lints.clippy.missing_const_for_fn` and will not work in a future edition
warning: `reth-ipc` (manifest) generated 1 warning
warning: crates/net/eth-wire/Cargo.toml: `lints.clippy.missing-const-for-fn` is deprecated in favor of `lints.clippy.missing_const_for_fn` and will not work in a future edition
warning: `reth-eth-wire` (manifest) generated 1 warning
warning: bin/reth/Cargo.toml: `lints.clippy.missing-const-for-fn` is deprecated in favor of `lints.clippy.missing_const_for_fn` and will not work in a future edition
warning: `reth` (manifest) generated 1 warning
warning: crates/tasks/Cargo.toml: `lints.clippy.missing-const-for-fn` is deprecated in favor of `lints.clippy.missing_const_for_fn` and will not work in a future edition
warning: `reth-tasks` (manifest) generated 1 warning
warning: crates/fs-util/Cargo.toml: `lints.clippy.missing-const-for-fn` is deprecated in favor of `lints.clippy.missing_const_for_fn` and will not work in a future edition
warning: `reth-fs-util` (manifest) generated 1 warning
warning: crates/transaction-pool/Cargo.toml: `lints.clippy.missing-const-for-fn` is deprecated in favor of `lints.clippy.missing_const_for_fn` and will not work in a future edition
warning: `reth-transaction-pool` (manifest) generated 1 warning
warning: crates/cli/runner/Cargo.toml: `lints.clippy.missing-const-for-fn` is deprecated in favor of `lints.clippy.missing_const_for_fn` and will not work in a future edition
warning: `reth-cli-runner` (manifest) generated 1 warning
warning: crates/static-file/types/Cargo.toml: `lints.clippy.missing-const-for-fn` is deprecated in favor of `lints.clippy.missing_const_for_fn` and will not work in a future edition
warning: `reth-static-file-types` (manifest) generated 1 warning
warning: crates/rpc/rpc-e2e-tests/Cargo.toml: `lints.clippy.missing-const-for-fn` is deprecated in favor of `lints.clippy.missing_const_for_fn` and will not work in a future edition
warning: `reth-rpc-e2e-tests` (manifest) generated 1 warning
warning: crates/net/peers/Cargo.toml: `lints.clippy.missing-const-for-fn` is deprecated in favor of `lints.clippy.missing_const_for_fn` and will not work in a future edition
warning: `reth-network-peers` (manifest) generated 1 warning
warning: crates/static-file/static-file/Cargo.toml: `lints.clippy.missing-const-for-fn` is deprecated in favor of `lints.clippy.missing_const_for_fn` and will not work in a future edition
warning: `reth-static-file` (manifest) generated 1 warning
warning: crates/engine/local/Cargo.toml: `lints.clippy.missing-const-for-fn` is deprecated in favor of `lints.clippy.missing_const_for_fn` and will not work in a future edition
warning: `reth-engine-local` (manifest) generated 1 warning
warning: bin/reth-bb/Cargo.toml: `lints.clippy.missing-const-for-fn` is deprecated in favor of `lints.clippy.missing_const_for_fn` and will not work in a future edition
warning: `reth-bb` (manifest) generated 1 warning
warning: crates/ethereum/evm/Cargo.toml: `lints.clippy.missing-const-for-fn` is deprecated in favor of `lints.clippy.missing_const_for_fn` and will not work in a future edition
warning: `reth-evm-ethereum` (manifest) generated 1 warning
warning: crates/storage/storage-api/Cargo.toml: `lints.clippy.missing-const-for-fn` is deprecated in favor of `lints.clippy.missing_const_for_fn` and will not work in a future edition
warning: `reth-storage-api` (manifest) generated 1 warning
warning: crates/engine/primitives/Cargo.toml: `lints.clippy.missing-const-for-fn` is deprecated in favor of `lints.clippy.missing_const_for_fn` and will not work in a future edition
warning: `reth-engine-primitives` (manifest) generated 1 warning
warning: crates/storage/db-api/Cargo.toml: `lints.clippy.missing-const-for-fn` is deprecated in favor of `lints.clippy.missing_const_for_fn` and will not work in a future edition
warning: `reth-db-api` (manifest) generated 1 warning
warning: crates/ethereum/engine-primitives/Cargo.toml: `lints.clippy.missing-const-for-fn` is deprecated in favor of `lints.clippy.missing_const_for_fn` and will not work in a future edition
warning: `reth-ethereum-engine-primitives` (manifest) generated 1 warning
warning: crates/net/ecies/Cargo.toml: `lints.clippy.missing-const-for-fn` is deprecated in favor of `lints.clippy.missing_const_for_fn` and will not work in a future edition
warning: `reth-ecies` (manifest) generated 1 warning
warning: crates/node/core/Cargo.toml: `lints.clippy.missing-const-for-fn` is deprecated in favor of `lints.clippy.missing_const_for_fn` and will not work in a future edition
warning: `reth-node-core` (manifest) generated 1 warning
warning: crates/storage/libmdbx-rs/Cargo.toml: `lints.clippy.missing-const-for-fn` is deprecated in favor of `lints.clippy.missing_const_for_fn` and will not work in a future edition
warning: `reth-libmdbx` (manifest) generated 1 warning
warning: crates/storage/nippy-jar/Cargo.toml: `lints.clippy.missing-const-for-fn` is deprecated in favor of `lints.clippy.missing_const_for_fn` and will not work in a future edition
warning: `reth-nippy-jar` (manifest) generated 1 warning
warning: crates/era/Cargo.toml: `lints.clippy.missing-const-for-fn` is deprecated in favor of `lints.clippy.missing_const_for_fn` and will not work in a future edition
warning: `reth-era` (manifest) generated 1 warning
warning: crates/chainspec/Cargo.toml: `lints.clippy.missing-const-for-fn` is deprecated in favor of `lints.clippy.missing_const_for_fn` and will not work in a future edition
warning: `reth-chainspec` (manifest) generated 1 warning
warning: crates/rpc/rpc-server-types/Cargo.toml: `lints.clippy.missing-const-for-fn` is deprecated in favor of `lints.clippy.missing_const_for_fn` and will not work in a future edition
warning: `reth-rpc-server-types` (manifest) generated 1 warning
warning: testing/ef-tests/Cargo.toml: `lints.clippy.missing-const-for-fn` is deprecated in favor of `lints.clippy.missing_const_for_fn` and will not work in a future edition
warning: `ef-tests` (manifest) generated 1 warning
warning: crates/trie/common/Cargo.toml: `lints.clippy.missing-const-for-fn` is deprecated in favor of `lints.clippy.missing_const_for_fn` and will not work in a future edition
warning: `reth-trie-common` (manifest) generated 1 warning
warning: crates/net/discv5/Cargo.toml: `lints.clippy.missing-const-for-fn` is deprecated in favor of `lints.clippy.missing_const_for_fn` and will not work in a future edition
warning: `reth-discv5` (manifest) generated 1 warning
warning: crates/storage/rpc-provider/Cargo.toml: `lints.clippy.missing-const-for-fn` is deprecated in favor of `lints.clippy.missing_const_for_fn` and will not work in a future edition
warning: `reth-storage-rpc-provider` (manifest) generated 1 warning
warning: crates/tokio-util/Cargo.toml: `lints.clippy.missing-const-for-fn` is deprecated in favor of `lints.clippy.missing_const_for_fn` and will not work in a future edition
warning: `reth-tokio-util` (manifest) generated 1 warning
warning: crates/storage/errors/Cargo.toml: `lints.clippy.missing-const-for-fn` is deprecated in favor of `lints.clippy.missing_const_for_fn` and will not work in a future edition
warning: `reth-storage-errors` (manifest) generated 1 warning
warning: crates/payload/builder-primitives/Cargo.toml: `lints.clippy.missing-const-for-fn` is deprecated in favor of `lints.clippy.missing_const_for_fn` and will not work in a future edition
warning: `reth-payload-builder-primitives` (manifest) generated 1 warning
warning: crates/revm/Cargo.toml: `lints.clippy.missing-const-for-fn` is deprecated in favor of `lints.clippy.missing_const_for_fn` and will not work in a future edition
warning: `reth-revm` (manifest) generated 1 warning
warning: crates/net/p2p/Cargo.toml: `lints.clippy.missing-const-for-fn` is deprecated in favor of `lints.clippy.missing_const_for_fn` and will not work in a future edition
warning: `reth-network-p2p` (manifest) generated 1 warning
warning: crates/etl/Cargo.toml: `lints.clippy.missing-const-for-fn` is deprecated in favor of `lints.clippy.missing_const_for_fn` and will not work in a future edition
warning: `reth-etl` (manifest) generated 1 warning
warning: testing/testing-utils/Cargo.toml: `lints.clippy.missing-const-for-fn` is deprecated in favor of `lints.clippy.missing_const_for_fn` and will not work in a future edition
warning: `reth-testing-utils` (manifest) generated 1 warning
warning: crates/ethereum/hardforks/Cargo.toml: `lints.clippy.missing-const-for-fn` is deprecated in favor of `lints.clippy.missing_const_for_fn` and will not work in a future edition
warning: `reth-ethereum-forks` (manifest) generated 1 warning
warning: crates/engine/tree/Cargo.toml: `lints.clippy.missing-const-for-fn` is deprecated in favor of `lints.clippy.missing_const_for_fn` and will not work in a future edition
warning: `reth-engine-tree` (manifest) generated 1 warning
warning: crates/engine/invalid-block-hooks/Cargo.toml: `lints.clippy.missing-const-for-fn` is deprecated in favor of `lints.clippy.missing_const_for_fn` and will not work in a future edition
warning: `reth-invalid-block-hooks` (manifest) generated 1 warning
warning: crates/node/ethstats/Cargo.toml: `lints.clippy.missing-const-for-fn` is deprecated in favor of `lints.clippy.missing_const_for_fn` and will not work in a future edition
warning: `reth-node-ethstats` (manifest) generated 1 warning
warning: crates/rpc/rpc-builder/Cargo.toml: `lints.clippy.missing-const-for-fn` is deprecated in favor of `lints.clippy.missing_const_for_fn` and will not work in a future edition
warning: `reth-rpc-builder` (manifest) generated 1 warning
warning: crates/node/metrics/Cargo.toml: `lints.clippy.missing-const-for-fn` is deprecated in favor of `lints.clippy.missing_const_for_fn` and will not work in a future edition
warning: `reth-node-metrics` (manifest) generated 1 warning
warning: crates/rpc/rpc-engine-api/Cargo.toml: `lints.clippy.missing-const-for-fn` is deprecated in favor of `lints.clippy.missing_const_for_fn` and will not work in a future edition
warning: `reth-rpc-engine-api` (manifest) generated 1 warning
warning: examples/full-contract-state/Cargo.toml: `lints.clippy.missing-const-for-fn` is deprecated in favor of `lints.clippy.missing_const_for_fn` and will not work in a future edition
warning: `example-full-contract-state` (manifest) generated 1 warning
warning: testing/runner/Cargo.toml: `lints.clippy.missing-const-for-fn` is deprecated in favor of `lints.clippy.missing_const_for_fn` and will not work in a future edition
warning: `ef-test-runner` (manifest) generated 1 warning
warning: crates/stages/types/Cargo.toml: `lints.clippy.missing-const-for-fn` is deprecated in favor of `lints.clippy.missing_const_for_fn` and will not work in a future edition
warning: `reth-stages-types` (manifest) generated 1 warning
warning: crates/storage/db-common/Cargo.toml: `lints.clippy.missing-const-for-fn` is deprecated in favor of `lints.clippy.missing_const_for_fn` and will not work in a future edition
warning: `reth-db-common` (manifest) generated 1 warning
warning: crates/rpc/rpc-layer/Cargo.toml: `lints.clippy.missing-const-for-fn` is deprecated in favor of `lints.clippy.missing_const_for_fn` and will not work in a future edition
warning: `reth-rpc-layer` (manifest) generated 1 warning
warning: crates/payload/basic/Cargo.toml: `lints.clippy.missing-const-for-fn` is deprecated in favor of `lints.clippy.missing_const_for_fn` and will not work in a future edition
warning: `reth-basic-payload-builder` (manifest) generated 1 warning
warning: crates/era-downloader/Cargo.toml: `lints.clippy.missing-const-for-fn` is deprecated in favor of `lints.clippy.missing_const_for_fn` and will not work in a future edition
warning: `reth-era-downloader` (manifest) generated 1 warning
warning: crates/engine/util/Cargo.toml: `lints.clippy.missing-const-for-fn` is deprecated in favor of `lints.clippy.missing_const_for_fn` and will not work in a future edition
warning: `reth-engine-util` (manifest) generated 1 warning
warning: crates/ethereum/node/Cargo.toml: `lints.clippy.missing-const-for-fn` is deprecated in favor of `lints.clippy.missing_const_for_fn` and will not work in a future edition
warning: `reth-node-ethereum` (manifest) generated 1 warning
   Compiling unicode-ident v1.0.24
   Compiling proc-macro2 v1.0.106
   Compiling quote v1.0.46
   Compiling libc v0.2.186
   Compiling serde_core v1.0.228
   Compiling syn v2.0.118
    Checking cfg-if v1.0.4
   Compiling serde v1.0.228
   Compiling jobserver v0.1.34
   Compiling serde_derive v1.0.228
   Compiling shlex v2.0.1
   Compiling find-msvc-tools v0.1.9
   Compiling cc v1.2.67
   Compiling portable-atomic v1.13.1
   Compiling zeroize_derive v1.4.3
    Checking critical-section v1.2.0
    Checking once_cell v1.21.4
    Checking zeroize v1.8.2
    Checking getrandom v0.2.17
   Compiling derive_arbitrary v1.4.2
   Compiling version_check v0.9.5
    Checking typenum v1.20.1
    Checking arbitrary v1.4.2
   Compiling autocfg v1.5.0
    Checking subtle v2.6.1
    Checking rand_core v0.6.4
   Compiling generic-array v0.14.7
   Compiling libm v0.2.16
   Compiling num-traits v0.2.19
    Checking bytes v1.12.1
    Checking crypto-common v0.1.7
    Checking const-oid v0.9.6
    Checking itoa v1.0.18
    Checking equivalent v1.0.2
    Checking block-buffer v0.10.4
    Checking digest v0.10.7
    Checking allocator-api2 v0.2.21
   Compiling zerocopy v0.8.48
    Checking foldhash v0.2.0
    Checking hashbrown v0.17.0
    Checking log v0.4.29
    Checking bitflags v2.13.0
   Compiling getrandom v0.3.4
    Checking smallvec v1.15.2
    Checking cpufeatures v0.2.17
    Checking pin-project-lite v0.2.17
    Checking rand_core v0.9.5
    Checking indexmap v2.14.0
    Checking fnv v1.0.7
   Compiling thiserror v2.0.18
   Compiling thiserror-impl v2.0.18
    Checking memchr v2.8.0
    Checking rand_core v0.10.1
   Compiling getrandom v0.4.2
    Checking ppv-lite86 v0.2.21
   Compiling rustix v1.1.4
    Checking rand_chacha v0.9.0
    Checking regex-syntax v0.8.10
    Checking rand v0.9.4
    Checking linux-raw-sys v0.12.1
    Checking der v0.7.10
    Checking tracing-core v0.1.36
    Checking base16ct v0.2.0
    Checking serdect v0.2.0
    Checking spki v0.7.3
    Checking sha2 v0.10.9
    Checking hmac v0.12.1
    Checking signature v2.2.0
    Checking ff v0.13.1
    Checking group v0.13.0
    Checking pkcs8 v0.10.2
    Checking sec1 v0.7.3
    Checking crypto-bigint v0.5.5
   Compiling tracing-attributes v0.1.31
   Compiling unicode-xid v0.2.6
    Checking elliptic-curve v0.13.8
    Checking rfc6979 v0.4.0
   Compiling unicode-segmentation v1.13.2
    Checking tracing v0.1.44
    Checking ecdsa v0.16.9
   Compiling convert_case v0.10.0
   Compiling derive_more-impl v2.1.1
    Checking arrayvec v0.7.8
    Checking fastrand v2.4.1
    Checking k256 v0.13.4
    Checking hybrid-array v0.4.12
   Compiling paste v1.0.15
    Checking tempfile v3.27.0
   Compiling alloy-rlp-derive v0.3.16
    Checking wait-timeout v0.2.1
    Checking bit-vec v0.8.0
    Checking quick-error v1.2.3
    Checking rusty-fork v0.3.1
    Checking bit-set v0.8.0
    Checking alloy-rlp v0.3.16
    Checking crypto-common v0.2.1
    Checking block-buffer v0.12.0
    Checking rand_xorshift v0.4.0
    Checking unarray v0.1.4
    Checking base64 v0.22.1
    Checking proptest v1.11.0
    Checking derive_more v2.1.1
    Checking digest v0.11.3
    Checking const-hex v1.18.1
   Compiling secp256k1-sys v0.11.0
   Compiling ruint-macro v1.2.1
    Checking ruint v1.20.0
    Checking keccak v0.2.0
    Checking sha3 v0.11.0
   Compiling proptest-derive v0.8.0
    Checking secp256k1 v0.31.1
   Compiling zmij v1.0.21
   Compiling serde_json v1.0.150
    Checking alloy-primitives v1.6.1
   Compiling strsim v0.11.1
   Compiling ident_case v1.0.1
    Checking rand_chacha v0.3.1
   Compiling parking_lot_core v0.9.12
    Checking rand v0.8.6
   Compiling dunce v1.0.5
    Checking scopeguard v1.2.0
    Checking lock_api v0.4.14
    Checking either v1.16.0
   Compiling rustversion v1.0.22
   Compiling heck v0.5.0
   Compiling auto_impl v1.3.0
    Checking hex v0.4.3
   Compiling pkg-config v0.3.33
    Checking itertools v0.14.0
   Compiling darling_core v0.23.0
    Checking errno v0.3.14
    Checking signal-hook-registry v1.4.8
    Checking parking_lot v0.12.5
    Checking mio v1.2.0
    Checking byteorder v1.5.0
    Checking alloy-eip7928 v0.4.5
    Checking futures-core v0.3.32
   Compiling cmake v0.1.58
   Compiling darling_macro v0.23.0
   Compiling tokio-macros v2.7.0
   Compiling darling v0.23.0
   Compiling serde_with_macros v3.21.0
    Checking socket2 v0.6.4
   Compiling fs_extra v1.3.0
   Compiling aws-lc-sys v0.40.0
    Checking serde_with v3.21.0
    Checking tokio v1.52.3
   Compiling blst v0.3.16
    Checking alloy-eip7702 v0.6.3
    Checking alloy-eip2930 v0.2.3
   Compiling secp256k1-sys v0.10.1
    Checking num_cpus v1.17.0
    Checking crc-catalog v2.4.0
    Checking crc v3.4.0
    Checking threadpool v1.8.1
   Compiling c-kzg v2.1.8
    Checking futures-sink v0.3.32
   Compiling aws-lc-rs v1.16.3
    Checking alloy-eip2124 v0.2.0
    Checking secp256k1 v0.30.0
    Checking slab v0.4.12
    Checking untrusted v0.7.1
    Checking ethereum_serde_utils v0.8.0
    Checking ethereum_ssz v0.10.4
   Compiling zstd-sys v2.0.16+zstd.1.5.7
    Checking futures-io v0.3.32
   Compiling ethereum_ssz_derive v0.10.4
    Checking alloy-serde v2.3.0
   Compiling synstructure v0.13.2
    Checking alloy-eips v2.3.0
    Checking nybbles v0.4.8
   Compiling proptest-derive v0.7.0
    Checking alloy-trie v0.9.5
   Compiling zerofrom-derive v0.1.7
   Compiling syn-solidity v1.6.1
   Compiling macro-string v0.2.0
   Compiling proc-macro-error-attr3 v3.0.1
   Compiling proc-macro-error3 v3.0.1
   Compiling alloy-sol-macro-input v1.6.1
    Checking zerofrom v0.1.7
   Compiling yoke-derive v0.8.2
    Checking futures-channel v0.3.32
    Checking stable_deref_trait v1.2.1
    Checking yoke v0.8.2
   Compiling alloy-sol-macro-expander v1.6.1
   Compiling alloy-tx-macros v2.3.0
    Checking percent-encoding v2.3.2
   Compiling zstd-safe v7.2.4
    Checking alloy-consensus v2.3.0
   Compiling alloy-sol-macro v1.6.1
   Compiling zerovec-derive v0.11.3
   Compiling crossbeam-utils v0.8.21
    Checking zerovec v0.11.6
    Checking alloy-sol-types v1.6.1
   Compiling displaydoc v0.2.5
   Compiling futures-macro v0.3.32
    Checking futures-task v0.3.32
    Checking futures-util v0.3.32
    Checking zstd v0.13.3
   Compiling radium v0.7.0
    Checking tinystr v0.8.3
    Checking tokio-util v0.7.18
    Checking writeable v0.6.3
    Checking litemap v0.8.2
    Checking tap v1.0.1
    Checking wyz v0.5.1
    Checking icu_locale_core v2.2.0
    Checking zerotrie v0.2.4
    Checking potential_utf v0.1.5
    Checking num-integer v0.1.46
    Checking funty v2.0.0
   Compiling icu_normalizer_data v2.0.0
   Compiling icu_properties_data v2.0.1
    Checking bitvec v1.0.1
    Checking icu_collections v2.0.0
    Checking icu_provider v2.2.0
    Checking num-bigint v0.4.6
    Checking icu_properties v2.0.2
    Checking icu_normalizer v2.0.1
    Checking revm-primitives v42.0.0
    Checking revm-bytecode v42.0.0
    Checking idna_adapter v1.2.1
    Checking alloy-consensus-any v2.3.0
    Checking alloy-network-primitives v2.3.0
    Checking form_urlencoded v1.2.2
    Checking nonmax v0.5.5
    Checking static_assertions v1.1.0
    Checking utf8_iter v1.0.4
    Checking idna v1.1.0
    Checking revm-state v42.0.0
    Checking alloy-rpc-types-eth v2.3.0
    Checking url v2.5.8
   Compiling crossbeam-epoch v0.9.20
    Checking http v1.4.2
   Compiling ahash v0.8.12
    Checking konst_macro_rules v0.2.19
    Checking konst v0.2.20
   Compiling strum_macros v0.27.2
   Compiling parity-scale-codec v3.7.5
   Compiling const_format_proc_macros v0.2.34
    Checking cpufeatures v0.3.0
    Checking hashbrown v0.14.5
    Checking dashmap v6.2.1
    Checking const_format v0.2.36
    Checking strum v0.27.2
    Checking alloy-genesis v2.3.0
    Checking raw-cpuid v11.6.0
   Compiling enum-ordinalize-derive v4.3.2
   Compiling modular-bitfield-impl v0.13.1
   Compiling impl-trait-for-tuples v0.2.3
    Checking byte-slice-cast v1.2.3
   Compiling rayon-core v1.13.0
    Checking modular-bitfield v0.13.1
   Compiling enum-ordinalize v4.3.2
    Checking quanta v0.12.6
    Checking crossbeam-deque v0.8.6
    Checking reth-zstd-compressors v0.6.0
    Checking ark-std v0.6.0
   Compiling ark-serialize-derive v0.6.0
   Compiling visibility v0.1.1
   Compiling reth-codecs-derive v0.6.0
   Compiling ark-ff-macros v0.6.0
    Checking reth-codecs v0.6.0
    Checking ark-serialize v0.6.0
   Compiling educe v0.6.0
   Compiling ark-ff-asm v0.6.0
    Checking rayon v1.12.0
    Checking ark-ff v0.6.0
    Checking revm-database-interface v42.0.0
    Checking proptest-arbitrary-interop v0.1.0
    Checking arrayref v0.3.9
    Checking reth-primitives-traits v0.6.0
    Checking futures-executor v0.3.32
    Checking revm-context-interface v42.0.0
    Checking num-rational v0.4.2
    Checking num-iter v0.1.45
    Checking num-complex v0.4.6
    Checking num v0.4.3
    Checking primeorder v0.13.6
    Checking p256 v0.13.2
    Checking aurora-engine-modexp v1.2.0
    Checking ark-poly v0.6.0
    Checking sha2 v0.11.0
    Checking ripemd v0.2.0
    Checking ark-ec v0.6.0
   Compiling derive-where v1.6.1
    Checking revm-context v42.0.0
    Checking ark-bls12-381 v0.6.0
    Checking ark-bn254 v0.6.0
    Checking revm-interpreter v42.0.0
    Checking revm-precompile v42.0.1
    Checking tokio-stream v0.1.18
    Checking revm-handler v42.0.1
    Checking futures v0.3.32
    Checking revm-database v42.0.0
    Checking revm-inspector v42.0.1
   Compiling crunchy v0.2.4
    Checking revm v42.0.1
   Compiling semver v1.0.28
   Compiling num_enum_derive v0.7.6
   Compiling rustc_version v0.4.1
    Checking rustc-hash v2.1.3
   Compiling curve25519-dalek v4.1.3
   Compiling num-conv v0.2.2
   Compiling time-core v0.1.9
    Checking num_enum v0.7.6
    Checking keccak v0.1.6
    Checking alloy-chains v0.2.34
    Checking sha3 v0.10.8
    Checking ipnet v2.12.0
   Compiling curve25519-dalek-derive v0.1.1
    Checking hash-db v0.15.2
    Checking plain_hasher v0.2.3
    Checking ed25519 v2.2.3
   Compiling ring v0.17.14
   Compiling pin-project-internal v1.1.13
   Compiling async-trait v0.1.89
    Checking colorchoice v1.0.5
    Checking anstyle v1.0.14
    Checking dyn-clone v1.0.20
    Checking utf8parse v0.2.2
    Checking anstyle-parse v1.0.0
    Checking alloy-hardforks v0.4.7
    Checking pin-project v1.1.13
    Checking ed25519-dalek v2.2.0
    Checking reth-trie-common v2.4.1 (/tmp/n42-ci-repro-j5wu4xcf/reth/crates/trie/common)
   Compiling httparse v1.10.1
    Checking anstyle-query v1.1.5
    Checking is_terminal_polyfill v1.70.2
    Checking tower-service v0.3.3
    Checking anstream v1.0.0
    Checking clap_lex v1.1.0
    Checking untrusted v0.9.0
    Checking clap_builder v4.6.0
   Compiling clap_derive v4.6.1
    Checking clap v4.6.1
    Checking enr v0.13.0
   Compiling time-macros v0.2.30
    Checking http-body v1.0.1
    Checking sync_wrapper v1.0.2
    Checking hdrhistogram v7.5.4
    Checking rustls-pki-types v1.14.0
    Checking deranged v0.5.8
    Checking tower-layer v0.3.3
    Checking powerfmt v0.2.0
    Checking tower v0.5.3
    Checking time v0.3.51
    Checking alloy-evm v0.38.0
    Checking reth-ethereum-primitives v2.4.1 (/tmp/n42-ci-repro-j5wu4xcf/reth/crates/ethereum/primitives)
   Compiling fixed-map-derive v0.9.5
    Checking reth-network-peers v2.4.1 (/tmp/n42-ci-repro-j5wu4xcf/reth/crates/net/peers)
    Checking reth-stages-types v2.4.1 (/tmp/n42-ci-repro-j5wu4xcf/reth/crates/stages/types)
    Checking rapidhash v4.4.1
    Checking metrics v0.24.6
    Checking reth-prune-types v2.4.1 (/tmp/n42-ci-repro-j5wu4xcf/reth/crates/prune/types)
    Checking fixed-map v0.9.5
   Compiling rustls v0.23.38
    Checking reth-static-file-types v2.4.1 (/tmp/n42-ci-repro-j5wu4xcf/reth/crates/static-file/types)
    Checking rustls-webpki v0.103.13
    Checking reth-storage-errors v2.4.1 (/tmp/n42-ci-repro-j5wu4xcf/reth/crates/storage/errors)
    Checking http-body-util v0.1.3
    Checking reth-ethereum-forks v2.4.1 (/tmp/n42-ci-repro-j5wu4xcf/reth/crates/ethereum/hardforks)
    Checking try-lock v0.2.5
    Checking atomic-waker v1.1.2
    Checking httpdate v1.0.3
    Checking h2 v0.4.14
    Checking want v0.3.1
    Checking simple_asn1 v0.6.4
    Checking pem v3.0.6
    Checking openssl-probe v0.2.1
    Checking rustls-native-certs v0.8.3
    Checking jsonwebtoken v10.3.0
    Checking hyper v1.10.1
    Checking reth-chainspec v2.4.1 (/tmp/n42-ci-repro-j5wu4xcf/reth/crates/chainspec)
    Checking alloy-rpc-types-engine v2.3.0
    Checking hyper-util v0.1.20
    Checking tokio-rustls v0.26.4
    Checking reth-execution-types v2.4.1 (/tmp/n42-ci-repro-j5wu4xcf/reth/crates/evm/execution-types)
   Compiling metrics-derive v0.1.2
   Compiling crc32fast v1.5.0
    Checking bytemuck v1.25.0
    Checking simd-adler32 v0.3.9
    Checking adler2 v2.0.1
    Checking reth-metrics v2.4.1 (/tmp/n42-ci-repro-j5wu4xcf/reth/crates/metrics)
    Checking miniz_oxide v0.8.9
    Checking alloc-no-stdlib v2.0.4
    Checking flate2 v1.1.9
    Checking alloc-stdlib v0.2.2
    Checking reth-execution-errors v2.4.1 (/tmp/n42-ci-repro-j5wu4xcf/reth/crates/evm/execution-errors)
    Checking ryu v1.0.23
    Checking brotli-decompressor v5.0.0
    Checking roaring v0.11.4
    Checking reth-db-models v2.4.1 (/tmp/n42-ci-repro-j5wu4xcf/reth/crates/storage/db-models)
    Checking alloy-json-rpc v2.3.0
    Checking uuid v1.23.1
   Compiling unicase v2.9.0
    Checking futures-utils-wasm v0.1.0
   Compiling mime_guess v2.0.5
    Checking reth-db-api v2.4.1 (/tmp/n42-ci-repro-j5wu4xcf/reth/crates/storage/db-api)
    Checking brotli v8.0.4
    Checking hyper-rustls v0.27.9
    Checking reth-tokio-util v2.4.1 (/tmp/n42-ci-repro-j5wu4xcf/reth/crates/tokio-util)
   Compiling anyhow v1.0.103
    Checking compression-core v0.4.32
    Checking bs58 v0.5.1
    Checking mime v0.3.17
    Checking reth-consensus v2.4.1 (/tmp/n42-ci-repro-j5wu4xcf/reth/crates/consensus/consensus)
    Checking http-range-header v0.4.2
   Compiling thiserror v1.0.69
    Checking compression-codecs v0.4.38
    Checking reth-storage-api v2.4.1 (/tmp/n42-ci-repro-j5wu4xcf/reth/crates/storage/storage-api)
    Checking async-compression v0.4.42
    Checking tower-http v0.6.11
    Checking serde_urlencoded v0.7.1
    Checking rustls-platform-verifier v0.6.2
   Compiling slotmap v1.1.1
   Compiling thiserror-impl v1.0.69
    Checking lazy_static v1.5.0
    Checking reqwest v0.13.4
    Checking alloy-signer v2.3.0
    Checking alloy-rpc-types-any v2.3.0
   Compiling vcpkg v0.2.15
   Compiling glob v0.3.3
    Checking rustc-hex v2.1.0
    Checking rlp v0.5.2
   Compiling clang-sys v1.8.1
    Checking alloy-network v2.3.0
    Checking ripemd v0.1.3
    Checking base64 v0.21.7
   Compiling typeid v1.0.3
    Checking bech32 v0.9.1
    Checking reth-trie-sparse v2.4.1 (/tmp/n42-ci-repro-j5wu4xcf/reth/crates/trie/sparse)
    Checking coins-core v0.12.0
    Checking triehash v0.8.4
    Checking reth-errors v2.4.1 (/tmp/n42-ci-repro-j5wu4xcf/reth/crates/errors)
   Compiling minimal-lexical v0.2.1
    Checking reth-trie v2.4.1 (/tmp/n42-ci-repro-j5wu4xcf/reth/crates/trie/trie)
   Compiling nom v7.1.3
   Compiling regex-automata v0.4.14
    Checking coins-bip32 v0.12.0
   Compiling libloading v0.8.9
    Checking pbkdf2 v0.12.2
   Compiling bindgen v0.72.1
   Compiling regex v1.12.3
    Checking coins-bip39 v0.12.0
    Checking matchers v0.2.0
    Checking fixed-cache v0.1.10
   Compiling cexpr v0.6.0
    Checking sharded-slab v0.1.7
   Compiling itertools v0.13.0
    Checking tracing-serde v0.2.0
    Checking tracing-log v0.2.0
    Checking thread_local v1.1.9
    Checking nu-ansi-term v0.50.3
   Compiling shlex v1.3.0
   Compiling prost-derive v0.14.3
    Checking tracing-subscriber v0.3.23
    Checking alloy-signer-local v2.3.0
    Checking iana-time-zone v0.1.65
   Compiling eyre v0.6.12
    Checking chrono v0.4.45
    Checking reth-chain-state v2.4.1 (/tmp/n42-ci-repro-j5wu4xcf/reth/crates/chain-state)
    Checking prost v0.14.3
    Checking reth-evm v2.4.1 (/tmp/n42-ci-repro-j5wu4xcf/reth/crates/evm/evm)
    Checking hyper-timeout v0.5.2
    Checking tracing-futures v0.2.5
    Checking opentelemetry v0.32.0
    Checking thread-priority v3.1.1
    Checking reth-fs-util v2.4.1 (/tmp/n42-ci-repro-j5wu4xcf/reth/crates/fs-util)
    Checking indenter v0.3.4
    Checking reth-tasks v2.4.1 (/tmp/n42-ci-repro-j5wu4xcf/reth/crates/tasks)
    Checking tonic v0.14.5
    Checking crossbeam-channel v0.5.15
   Compiling wasm-bindgen-shared v0.2.118
    Checking tonic-prost v0.14.5
    Checking opentelemetry_sdk v0.32.1
    Checking prost-types v0.14.3
   Compiling lz4-sys v1.11.1+lz4-1.10.0
    Checking opentelemetry-proto v0.32.0
    Checking tonic-types v0.14.5
    Checking opentelemetry-http v0.32.0
   Compiling reth-mdbx-sys v2.4.1 (/tmp/n42-ci-repro-j5wu4xcf/reth/crates/storage/libmdbx-rs/mdbx-sys)
   Compiling libz-sys v1.1.28
   Compiling bzip2-sys v0.1.13+1.0.8
    Checking memmap2 v0.9.11
    Checking data-encoding v2.11.0
    Checking opentelemetry-otlp v0.32.0
    Checking tracing-opentelemetry v0.33.0
    Checking reth-payload-primitives v2.4.1 (/tmp/n42-ci-repro-j5wu4xcf/reth/crates/payload/primitives)
    Checking opentelemetry-semantic-conventions v0.32.1
   Compiling bumpalo v3.20.2
    Checking symlink v0.1.0
    Checking tracing-appender v0.2.5
   Compiling wasm-bindgen-macro-support v0.2.118
    Checking reth-tracing-otlp v2.4.1 (/tmp/n42-ci-repro-j5wu4xcf/reth/crates/tracing-otlp)
    Checking reth-payload-builder-primitives v2.4.1 (/tmp/n42-ci-repro-j5wu4xcf/reth/crates/payload/builder-primitives)
    Checking tracing-samply v0.1.5
   Compiling librocksdb-sys v0.17.3+10.4.2
    Checking rolling-file v0.2.0
    Checking tracing-journald v0.3.2
    Checking tracing-chrome v0.7.2
    Checking tracing-logfmt v0.3.7
    Checking crossbeam-queue v0.3.12
   Compiling wasm-bindgen v0.2.118
    Checking bincode v1.3.3
    Checking lz4_flex v0.12.1
    Checking reth-nippy-jar v2.4.1 (/tmp/n42-ci-repro-j5wu4xcf/reth/crates/storage/nippy-jar)
    Checking reth-libmdbx v2.4.1 (/tmp/n42-ci-repro-j5wu4xcf/reth/crates/storage/libmdbx-rs)
   Compiling wasm-bindgen-macro v0.2.118
    Checking reth-tracing v2.4.1 (/tmp/n42-ci-repro-j5wu4xcf/reth/crates/tracing)
    Checking reth-engine-primitives v2.4.1 (/tmp/n42-ci-repro-j5wu4xcf/reth/crates/engine/primitives)
    Checking sysinfo v0.38.4
    Checking hashbrown v0.16.1
    Checking inotify-sys v0.1.5
    Checking page_size v0.6.0
    Checking same-file v1.0.6
    Checking walkdir v2.5.0
    Checking reth-db v2.4.1 (/tmp/n42-ci-repro-j5wu4xcf/reth/crates/storage/db)
    Checking inotify v0.11.1
    Checking reth-trie-db v2.4.1 (/tmp/n42-ci-repro-j5wu4xcf/reth/crates/trie/db)
    Checking sha1 v0.10.6
    Checking notify-types v2.1.0
    Checking notify v8.2.0
    Checking reth-storage-overlay v2.4.1 (/tmp/n42-ci-repro-j5wu4xcf/reth/crates/storage/storage-overlay)
    Checking js-sys v0.3.95
    Checking reth-ethereum-engine-primitives v2.4.1 (/tmp/n42-ci-repro-j5wu4xcf/reth/crates/ethereum/engine-primitives)
    Checking reth-node-types v2.4.1 (/tmp/n42-ci-repro-j5wu4xcf/reth/crates/node/types)
    Checking reth-net-banlist v2.4.1 (/tmp/n42-ci-repro-j5wu4xcf/reth/crates/net/banlist)
    Checking humantime v2.4.0
    Checking humantime-serde v1.1.1
    Checking gloo-timers v0.2.6
    Checking reth-eth-wire-types v2.4.1 (/tmp/n42-ci-repro-j5wu4xcf/reth/crates/net/eth-wire-types)
error: redundant field names in struct initialization
    --> crates/net/eth-wire-types/src/broadcast.rs:1270:5
     |
1270 |     hashes: B256Set,
     |     ^^^^^^ help: replace it with: `hashes`
     |
     = help: for further information visit https://rust-lang.github.io/rust-clippy/master/index.html#redundant_field_names
     = note: `-D clippy::redundant-field-names` implied by `-D warnings`
     = help: to override `-D warnings` add `#[allow(clippy::redundant_field_names)]`

error: could not compile `reth-eth-wire-types` (lib) due to 1 previous error
warning: build failed, waiting for other jobs to finish...
