    Checking reth-evm v2.4.1 (/tmp/n42-ci-repro-j5wu4xcf/reth/crates/evm/evm)
    Checking reth-evm-ethereum v2.4.1 (/tmp/n42-ci-repro-j5wu4xcf/reth/crates/ethereum/evm)
    Checking reth-engine-primitives v2.4.1 (/tmp/n42-ci-repro-j5wu4xcf/reth/crates/engine/primitives)
    Checking n42-execution v0.5.1 (/tmp/n42-ci-repro-j5wu4xcf/n42-26/crates/n42-execution)
    Checking reth-ethereum-engine-primitives v2.4.1 (/tmp/n42-ci-repro-j5wu4xcf/reth/crates/ethereum/engine-primitives)
    Checking reth-node-types v2.4.1 (/tmp/n42-ci-repro-j5wu4xcf/reth/crates/node/types)
    Checking reth-provider v2.4.1 (/tmp/n42-ci-repro-j5wu4xcf/reth/crates/storage/provider)
    Checking n42-mobile v0.5.1 (/tmp/n42-ci-repro-j5wu4xcf/n42-26/crates/n42-mobile)
    Checking n42-jmt v0.5.1 (/tmp/n42-ci-repro-j5wu4xcf/n42-26/crates/n42-jmt)
    Checking reth-execution-cache v2.4.1 (/tmp/n42-ci-repro-j5wu4xcf/reth/crates/engine/execution-cache)
    Checking reth-trie-parallel v2.4.1 (/tmp/n42-ci-repro-j5wu4xcf/reth/crates/trie/parallel)
    Checking reth-payload-builder v2.4.1 (/tmp/n42-ci-repro-j5wu4xcf/reth/crates/payload/builder)
    Checking reth-transaction-pool v2.4.1 (/tmp/n42-ci-repro-j5wu4xcf/reth/crates/transaction-pool)
    Checking n42-consensus v0.5.1 (/tmp/n42-ci-repro-j5wu4xcf/n42-26/crates/n42-consensus)
    Checking reth-rpc-convert v2.4.1 (/tmp/n42-ci-repro-j5wu4xcf/reth/crates/rpc/rpc-convert)
    Checking reth-rpc-eth-types v2.4.1 (/tmp/n42-ci-repro-j5wu4xcf/reth/crates/rpc/rpc-eth-types)
    Checking reth-engine-local v2.4.1 (/tmp/n42-ci-repro-j5wu4xcf/reth/crates/engine/local)
    Checking reth-network v2.4.1 (/tmp/n42-ci-repro-j5wu4xcf/reth/crates/net/network)
    Checking reth-basic-payload-builder v2.4.1 (/tmp/n42-ci-repro-j5wu4xcf/reth/crates/payload/basic)
    Checking n42-network v0.5.1 (/tmp/n42-ci-repro-j5wu4xcf/n42-26/crates/n42-network)
    Checking reth-node-core v2.4.1 (/tmp/n42-ci-repro-j5wu4xcf/reth/crates/node/core)
    Checking reth-node-api v2.4.1 (/tmp/n42-ci-repro-j5wu4xcf/reth/crates/node/api)
    Checking reth-static-file v2.4.1 (/tmp/n42-ci-repro-j5wu4xcf/reth/crates/static-file/static-file)
    Checking reth-prune v2.4.1 (/tmp/n42-ci-repro-j5wu4xcf/reth/crates/prune/prune)
    Checking reth-stages-api v2.4.1 (/tmp/n42-ci-repro-j5wu4xcf/reth/crates/stages/api)
    Checking reth-rpc-eth-api v2.4.1 (/tmp/n42-ci-repro-j5wu4xcf/reth/crates/rpc/rpc-eth-api)
    Checking reth-exex v2.4.1 (/tmp/n42-ci-repro-j5wu4xcf/reth/crates/exex/exex)
    Checking reth-rpc-api v2.4.1 (/tmp/n42-ci-repro-j5wu4xcf/reth/crates/rpc/rpc-api)
    Checking reth-era-utils v2.4.1 (/tmp/n42-ci-repro-j5wu4xcf/reth/crates/era-utils)
    Checking reth-stages v2.4.1 (/tmp/n42-ci-repro-j5wu4xcf/reth/crates/stages/stages)
    Checking reth-rpc-engine-api v2.4.1 (/tmp/n42-ci-repro-j5wu4xcf/reth/crates/rpc/rpc-engine-api)
    Checking n42-consensus-service v0.5.1 (/tmp/n42-ci-repro-j5wu4xcf/n42-26/crates/n42-consensus-service)
    Checking reth-rpc v2.4.1 (/tmp/n42-ci-repro-j5wu4xcf/reth/crates/rpc/rpc)
    Checking reth-engine-tree v2.4.1 (/tmp/n42-ci-repro-j5wu4xcf/reth/crates/engine/tree)
    Checking reth-engine-util v2.4.1 (/tmp/n42-ci-repro-j5wu4xcf/reth/crates/engine/util)
    Checking reth-rpc-builder v2.4.1 (/tmp/n42-ci-repro-j5wu4xcf/reth/crates/rpc/rpc-builder)
    Checking reth-node-events v2.4.1 (/tmp/n42-ci-repro-j5wu4xcf/reth/crates/node/events)
    Checking reth-invalid-block-hooks v2.4.1 (/tmp/n42-ci-repro-j5wu4xcf/reth/crates/engine/invalid-block-hooks)
    Checking reth-consensus-debug-client v2.4.1 (/tmp/n42-ci-repro-j5wu4xcf/reth/crates/consensus/debug-client)
    Checking reth-node-ethstats v2.4.1 (/tmp/n42-ci-repro-j5wu4xcf/reth/crates/node/ethstats)
    Checking reth-db-common v2.4.1 (/tmp/n42-ci-repro-j5wu4xcf/reth/crates/storage/db-common)
    Checking reth-node-builder v2.4.1 (/tmp/n42-ci-repro-j5wu4xcf/reth/crates/node/builder)
    Checking reth-ethereum-payload-builder v2.4.1 (/tmp/n42-ci-repro-j5wu4xcf/reth/crates/ethereum/payload)
    Checking n42-el-rpc v0.5.1 (/tmp/n42-ci-repro-j5wu4xcf/n42-26/crates/n42-el-rpc)
    Checking reth-node-ethereum v2.4.1 (/tmp/n42-ci-repro-j5wu4xcf/reth/crates/ethereum/node)
    Checking reth-cli-commands v2.4.1 (/tmp/n42-ci-repro-j5wu4xcf/reth/crates/cli/commands)
    Checking n42-node v0.5.1 (/tmp/n42-ci-repro-j5wu4xcf/n42-26/crates/n42-node)
    Checking reth-ethereum-cli v2.4.1 (/tmp/n42-ci-repro-j5wu4xcf/reth/crates/ethereum/cli)
    Checking n42-mobile-ffi v0.5.1 (/tmp/n42-ci-repro-j5wu4xcf/n42-26/crates/n42-mobile-ffi)
    Checking n42-node-bin v0.5.1 (/tmp/n42-ci-repro-j5wu4xcf/n42-26/bin/n42-node)
    Checking n42-consensus-standalone v0.5.1 (/tmp/n42-ci-repro-j5wu4xcf/n42-26/bin/n42-consensus-standalone)
    Checking e2e-test v0.5.1 (/tmp/n42-ci-repro-j5wu4xcf/n42-26/tests/e2e)
    Checking n42-mobile-sim v0.5.1 (/tmp/n42-ci-repro-j5wu4xcf/n42-26/bin/n42-mobile-sim)
    Finished `dev` profile [unoptimized + debuginfo] target(s) in 40.12s
warning: the following packages contain code that will be rejected by a future version of Rust: proc-macro-error2 v2.0.1
note: to see what the problems were, use the option `--future-incompat-report`, or run `cargo report future-incompatibilities --id 1`
