   Compiling rustix v1.1.4
   Compiling prost v0.12.6
   Compiling getrandom v0.4.3
   Compiling prost-types v0.12.6
   Compiling tempfile v3.27.0
    Checking serde_core v1.0.229
    Checking memchr v2.8.3
    Checking uuid v1.24.0
   Compiling prost-build v0.12.6
    Checking debugid v0.8.0
   Compiling sha2 v0.10.9
    Checking linux-raw-sys v0.12.1
    Checking bitflags v2.13.1
    Checking symbolic-common v12.18.3
    Checking miniz_oxide v0.8.9
   Compiling pprof v0.15.0
    Checking lock_api v0.4.14
    Checking equator v0.4.2
    Checking serde v1.0.229
    Checking thiserror v2.0.19
    Checking object v0.37.3
    Checking once_cell v1.21.4
    Checking arrayvec v0.7.8
    Checking bytes v1.12.1
    Checking blake3 v1.8.5
    Checking symbolic-demangle v12.18.3
    Checking aligned-vec v0.6.4
    Checking findshlibs v0.10.2
    Checking spin v0.10.1
    Checking log v0.4.33
    Checking smallvec v1.15.2
    Checking backtrace v0.3.76
    Checking serde_json v1.0.151
    Checking bincode v1.3.3
    Checking n42-twig-core v0.5.1 (/tmp/n42-ci-repro-j5wu4xcf/n42-26/crates/n42-twig-core)
    Finished `dev` profile [unoptimized + debuginfo] target(s) in 5.68s
