    Finished `test` profile [unoptimized + debuginfo] target(s) in 0.44s
warning: the following packages contain code that will be rejected by a future version of Rust: proc-macro-error2 v2.0.1
note: to see what the problems were, use the option `--future-incompat-report`, or run `cargo report future-incompatibilities --id 1`
     Running unittests src/lib.rs (target/debug/deps/n42_node-f6af4eaa96fd0678)

running 1 test
operation_capacity budget=18446744073709551615 block=1 updates=147000 resident_bytes=10584000 cold_blocks=0 wal_bytes=7056164 root=0x68e0751940c07067c4eddc0a67d5d1648fbddc8dcec8a03286ea0154a704cf7f
operation_capacity budget=18446744073709551615 block=2 updates=147000 resident_bytes=21168000 cold_blocks=0 wal_bytes=14112328 root=0xcff98f327be8521dde27da2bd96fb4e67e56eefbfc31c6a3495ab492e003f19a
operation_capacity budget=18446744073709551615 block=3 updates=147000 resident_bytes=31752000 cold_blocks=0 wal_bytes=21168492 root=0x6aec17fe651506a60ab8e8ad72242945db7b43eed55065eb07fbf4a8829ea5c5
operation_capacity budget=18446744073709551615 block=4 updates=147000 resident_bytes=42336000 cold_blocks=0 wal_bytes=28224656 root=0x4001126eb6f51bdb20b2ffbf4505bbc0ebb76af9a96874ef27e7c2b8a9689bf2
operation_capacity budget=18446744073709551615 block=5 updates=147000 resident_bytes=52920000 cold_blocks=0 wal_bytes=35280820 root=0xedd3bff0168dca6e1e08d32ef0ce217744a15b33442bf0b5de6cd4e87ffdb3be
operation_capacity budget=18446744073709551615 block=6 updates=147000 resident_bytes=63504000 cold_blocks=0 wal_bytes=42336984 root=0x46fd398a3bfd5536e39c4a02414a3022df15bfb25b8d34a226f3a1491ece19b9
operation_capacity budget=18446744073709551615 block=7 updates=147000 resident_bytes=74088000 cold_blocks=0 wal_bytes=49393148 root=0x60f0fc76152d86727f092e3696e2da38544b55fc2000652a00e24c1898bc7fe8
operation_capacity budget=18446744073709551615 block=8 updates=147000 resident_bytes=84672000 cold_blocks=0 wal_bytes=56449312 root=0xb31cc37e87bc9e6698d48062ee9ceda06dc3efbec6cd8ac61a6c2161c366b70c
operation_capacity budget=18446744073709551615 block=9 updates=147000 resident_bytes=95256000 cold_blocks=0 wal_bytes=63505476 root=0x96dc19544c8834a28f338d553e9026b54a55f26dfb01844f8ad1748062ef6040
operation_capacity budget=18446744073709551615 block=10 updates=147000 resident_bytes=105840000 cold_blocks=0 wal_bytes=70561640 root=0x0f69ecce9006558305bf81f3ebe1d73338e69191f6db21abe4e68804329ea5c9
operation_capacity budget=18446744073709551615 block=11 updates=147000 resident_bytes=116424000 cold_blocks=0 wal_bytes=77617804 root=0xd382e431cb639573f90abd97f78752cd9b6e6bd1b3d64ba245952749774e9197
operation_capacity budget=18446744073709551615 block=12 updates=147000 resident_bytes=127008000 cold_blocks=0 wal_bytes=84673968 root=0xcc765c283537f32e8d1df83da3b2ac367aece35cdfe4119afbafc69a77d3f15d
operation_capacity budget=18446744073709551615 block=13 updates=147000 resident_bytes=137592000 cold_blocks=0 wal_bytes=91730132 root=0xeae87ad9cf3659a8f18078b15de27c05a310253fe2ea8988d8551c7a3e55129c
operation_capacity budget=18446744073709551615 block=14 updates=147000 resident_bytes=148176000 cold_blocks=0 wal_bytes=98786296 root=0x536ee21eb1b8bb2004b84b5ec404832c0f5269743c35c1faa0ae48333f07e25b
operation_capacity budget=18446744073709551615 block=15 updates=147000 resident_bytes=158760000 cold_blocks=0 wal_bytes=105842460 root=0xb2ae942bf9b4a3f181ed566da5e30cb73a65d53dc148318d97241ad5a854efff
operation_capacity budget=18446744073709551615 block=16 updates=147000 resident_bytes=169344000 cold_blocks=0 wal_bytes=112898624 root=0xeb7e699fbaf360d4436f542a1fe1cc9b515134c7c6d033d9dd3bb547fe9fc60a
operation_capacity budget=18446744073709551615 block=17 updates=147000 resident_bytes=179928000 cold_blocks=0 wal_bytes=119954788 root=0x775abc40d51fe7c657c507032cdcace05a61b609fa6e427afc2847fb2ee4fd75
operation_capacity budget=18446744073709551615 block=18 updates=147000 resident_bytes=190512000 cold_blocks=0 wal_bytes=127010952 root=0xf715fdac49cd4dbc4f4475232653f56eb6fee90993cc9876bdb1d39273e37e93
operation_capacity budget=18446744073709551615 block=19 updates=147000 resident_bytes=201096000 cold_blocks=0 wal_bytes=134067116 root=0x559f363e62a60430323ceaa0d37d86e6ba1a236ce0deff8ed85d780cfecef1d7
operation_capacity budget=18446744073709551615 block=20 updates=147000 resident_bytes=211680000 cold_blocks=0 wal_bytes=141123280 root=0x178d7cc9c1af0f2dbacd1920a6f746e1a5e9f8978de1717254497897fca677d6
operation_capacity budget=18446744073709551615 block=21 updates=147000 resident_bytes=222264000 cold_blocks=0 wal_bytes=148179444 root=0x629961759a1fd3e82ef26652b7555c67213f41328f5911d7b9d25b14e50e1ff9
operation_capacity budget=18446744073709551615 block=22 updates=147000 resident_bytes=232848000 cold_blocks=0 wal_bytes=155235608 root=0x9517f2af859b357a676aa93053e686dd50a011f519b7388dc3862950dbb23e5e
operation_capacity budget=18446744073709551615 block=23 updates=147000 resident_bytes=243432000 cold_blocks=0 wal_bytes=162291772 root=0xd144ee682f6870a67d72bd8dbe17a36cf8d409033af4ecb14ad0fab1b5bd542e
operation_capacity budget=18446744073709551615 block=24 updates=147000 resident_bytes=254016000 cold_blocks=0 wal_bytes=169347936 root=0x45693c6096b90597f877c245c6969860b392cf6558478f46295d255e6ab9c352
operation_capacity budget=134217728 block=1 updates=147000 resident_bytes=10584000 cold_blocks=0 wal_bytes=7056164 root=0x68e0751940c07067c4eddc0a67d5d1648fbddc8dcec8a03286ea0154a704cf7f
operation_capacity budget=134217728 block=2 updates=147000 resident_bytes=21168000 cold_blocks=0 wal_bytes=14112328 root=0xcff98f327be8521dde27da2bd96fb4e67e56eefbfc31c6a3495ab492e003f19a
operation_capacity budget=134217728 block=3 updates=147000 resident_bytes=31752000 cold_blocks=0 wal_bytes=21168492 root=0x6aec17fe651506a60ab8e8ad72242945db7b43eed55065eb07fbf4a8829ea5c5
operation_capacity budget=134217728 block=4 updates=147000 resident_bytes=42336000 cold_blocks=0 wal_bytes=28224656 root=0x4001126eb6f51bdb20b2ffbf4505bbc0ebb76af9a96874ef27e7c2b8a9689bf2
operation_capacity budget=134217728 block=5 updates=147000 resident_bytes=52920000 cold_blocks=0 wal_bytes=35280820 root=0xedd3bff0168dca6e1e08d32ef0ce217744a15b33442bf0b5de6cd4e87ffdb3be
operation_capacity budget=134217728 block=6 updates=147000 resident_bytes=63504000 cold_blocks=0 wal_bytes=42336984 root=0x46fd398a3bfd5536e39c4a02414a3022df15bfb25b8d34a226f3a1491ece19b9
operation_capacity budget=134217728 block=7 updates=147000 resident_bytes=74088000 cold_blocks=0 wal_bytes=49393148 root=0x60f0fc76152d86727f092e3696e2da38544b55fc2000652a00e24c1898bc7fe8
operation_capacity budget=134217728 block=8 updates=147000 resident_bytes=84672000 cold_blocks=0 wal_bytes=56449312 root=0xb31cc37e87bc9e6698d48062ee9ceda06dc3efbec6cd8ac61a6c2161c366b70c
operation_capacity budget=134217728 block=9 updates=147000 resident_bytes=95256000 cold_blocks=0 wal_bytes=63505476 root=0x96dc19544c8834a28f338d553e9026b54a55f26dfb01844f8ad1748062ef6040
operation_capacity budget=134217728 block=10 updates=147000 resident_bytes=105840000 cold_blocks=0 wal_bytes=70561640 root=0x0f69ecce9006558305bf81f3ebe1d73338e69191f6db21abe4e68804329ea5c9
operation_capacity budget=134217728 block=11 updates=147000 resident_bytes=116424000 cold_blocks=0 wal_bytes=77617804 root=0xd382e431cb639573f90abd97f78752cd9b6e6bd1b3d64ba245952749774e9197
operation_capacity budget=134217728 block=12 updates=147000 resident_bytes=127008000 cold_blocks=0 wal_bytes=84673968 root=0xcc765c283537f32e8d1df83da3b2ac367aece35cdfe4119afbafc69a77d3f15d
operation_capacity budget=134217728 block=13 updates=147000 resident_bytes=127008000 cold_blocks=1 wal_bytes=91730132 root=0xeae87ad9cf3659a8f18078b15de27c05a310253fe2ea8988d8551c7a3e55129c
operation_capacity budget=134217728 block=14 updates=147000 resident_bytes=127008000 cold_blocks=2 wal_bytes=98786296 root=0x536ee21eb1b8bb2004b84b5ec404832c0f5269743c35c1faa0ae48333f07e25b
operation_capacity budget=134217728 block=15 updates=147000 resident_bytes=127008000 cold_blocks=3 wal_bytes=105842460 root=0xb2ae942bf9b4a3f181ed566da5e30cb73a65d53dc148318d97241ad5a854efff
operation_capacity budget=134217728 block=16 updates=147000 resident_bytes=127008000 cold_blocks=4 wal_bytes=112898624 root=0xeb7e699fbaf360d4436f542a1fe1cc9b515134c7c6d033d9dd3bb547fe9fc60a
operation_capacity budget=134217728 block=17 updates=147000 resident_bytes=127008000 cold_blocks=5 wal_bytes=119954788 root=0x775abc40d51fe7c657c507032cdcace05a61b609fa6e427afc2847fb2ee4fd75
operation_capacity budget=134217728 block=18 updates=147000 resident_bytes=127008000 cold_blocks=6 wal_bytes=127010952 root=0xf715fdac49cd4dbc4f4475232653f56eb6fee90993cc9876bdb1d39273e37e93
operation_capacity budget=134217728 block=19 updates=147000 resident_bytes=127008000 cold_blocks=7 wal_bytes=134067116 root=0x559f363e62a60430323ceaa0d37d86e6ba1a236ce0deff8ed85d780cfecef1d7
operation_capacity budget=134217728 block=20 updates=147000 resident_bytes=127008000 cold_blocks=8 wal_bytes=141123280 root=0x178d7cc9c1af0f2dbacd1920a6f746e1a5e9f8978de1717254497897fca677d6
operation_capacity budget=134217728 block=21 updates=147000 resident_bytes=127008000 cold_blocks=9 wal_bytes=148179444 root=0x629961759a1fd3e82ef26652b7555c67213f41328f5911d7b9d25b14e50e1ff9
operation_capacity budget=134217728 block=22 updates=147000 resident_bytes=127008000 cold_blocks=10 wal_bytes=155235608 root=0x9517f2af859b357a676aa93053e686dd50a011f519b7388dc3862950dbb23e5e
operation_capacity budget=134217728 block=23 updates=147000 resident_bytes=127008000 cold_blocks=11 wal_bytes=162291772 root=0xd144ee682f6870a67d72bd8dbe17a36cf8d409033af4ecb14ad0fab1b5bd542e
operation_capacity budget=134217728 block=24 updates=147000 resident_bytes=127008000 cold_blocks=12 wal_bytes=169347936 root=0x45693c6096b90597f877c245c6969860b392cf6558478f46295d255e6ab9c352
test qmdb_state_root::tests::bench_persistent_operation_capacity ... ok

test result: ok. 1 passed; 0 failed; 0 ignored; 0 measured; 232 filtered out; finished in 41.64s

