200000 0 discard [301.265, 285.151, 318.98]
200000 0 retain [149.894, 168.895, 175.683]
200000 1 retain [146.876, 151.514, 167.916]
200000 1 discard [293.784, 279.376, 289.257]
200000 2 discard [288.008, 276.316, 283.608]
200000 2 retain [145.672, 145.997, 156.675]
200000 3 retain [153.085, 148.479, 145.503]
200000 3 discard [285.06, 273.112, 269.317]
200000 4 discard [282.162, 273.106, 268.303]
200000 4 retain [151.768, 146.097, 142.58]
200000 5 retain [145.599, 145.651, 141.588]
200000 5 discard [273.161, 270.186, 262.962]
2000000 0 discard [440.857, 431.052, 429.994]
2000000 0 retain [268.182, 237.594, 232.307]
2000000 1 retain [220.021, 223.655, 237.73]
2000000 1 discard [434.272, 431.792, 412.987]
2000000 2 discard [426.657, 419.587, 423.947]
2000000 2 retain [221.32, 228.229, 228.336]
2000000 3 retain [232.334, 230.204, 223.908]
2000000 3 discard [446.766, 415.945, 424.319]
2000000 4 discard [410.72, 412.063, 427.742]
2000000 4 retain [219.391, 224.555, 241.797]
2000000 5 retain [258.039, 238.598, 227.067]
2000000 5 discard [437.996, 431.404, 425.082]
[
  {
    "keys": 200000,
    "mode": "discard",
    "samples": 18,
    "elapsed_ms": {
      "median": 280.769,
      "minimum": 262.962,
      "maximum": 318.98
    },
    "candidate_ms": {
      "median": 153.204,
      "minimum": 144.147,
      "maximum": 168.182
    },
    "commit_ms": {
      "median": 123.721,
      "minimum": 116.15,
      "maximum": 150.798
    }
  },
  {
    "keys": 200000,
    "mode": "retain",
    "samples": 18,
    "elapsed_ms": {
      "median": 147.6775,
      "minimum": 141.588,
      "maximum": 175.683
    },
    "candidate_ms": {
      "median": 86.5215,
      "minimum": 83.15,
      "maximum": 89.999
    },
    "commit_ms": {
      "median": 59.54600000000001,
      "minimum": 57.816,
      "maximum": 89.633
    }
  },
  {
    "keys": 2000000,
    "mode": "discard",
    "samples": 18,
    "elapsed_ms": {
      "median": 427.1995,
      "minimum": 410.72,
      "maximum": 446.766
    },
    "candidate_ms": {
      "median": 198.683,
      "minimum": 193.212,
      "maximum": 205.447
    },
    "commit_ms": {
      "median": 226.892,
      "minimum": 213.148,
      "maximum": 253.554
    }
  },
  {
    "keys": 2000000,
    "mode": "retain",
    "samples": 18,
    "elapsed_ms": {
      "median": 229.27,
      "minimum": 219.391,
      "maximum": 268.182
    },
    "candidate_ms": {
      "median": 94.012,
      "minimum": 89.949,
      "maximum": 96.926
    },
    "commit_ms": {
      "median": 135.8635,
      "minimum": 127.127,
      "maximum": 173.956
    }
  }
]
