   Compiling libc v0.2.189
   Compiling typenum v1.20.1
   Compiling syn v3.0.5
   Compiling serde_core v1.0.229
   Compiling version_check v0.9.5
   Compiling zeroize v1.9.0
   Compiling generic-array v0.14.9
   Compiling syn v2.0.119
   Compiling subtle v2.6.1
   Compiling const-oid v0.9.6
   Compiling serde v1.0.229
   Compiling serde_derive v1.0.229
   Compiling block-buffer v0.10.4
   Compiling crypto-common v0.1.6
   Compiling getrandom v0.2.17
   Compiling rand_core v0.6.4
   Compiling digest v0.10.7
   Compiling der v0.7.10
   Compiling arrayvec v0.7.8
   Compiling ff v0.13.1
   Compiling hybrid-array v0.4.15
   Compiling base16ct v0.2.0
   Compiling foldhash v0.2.0
   Compiling sec1 v0.7.3
   Compiling group v0.13.0
   Compiling hmac v0.12.1
   Compiling bytes v1.12.1
   Compiling crypto-bigint v0.5.5
   Compiling alloy-rlp-derive v0.3.16
   Compiling cpufeatures v0.2.17
   Compiling unicode-segmentation v1.13.3
   Compiling equivalent v1.0.2
   Compiling convert_case v0.10.0
   Compiling alloy-rlp v0.3.16
   Compiling elliptic-curve v0.13.8
   Compiling rfc6979 v0.4.0
   Compiling hashbrown v0.17.1
   Compiling spki v0.7.3
   Compiling crypto-common v0.2.2
   Compiling block-buffer v0.12.1
   Compiling signature v2.2.0
   Compiling paste v1.0.15
   Compiling unicode-xid v0.2.6
   Compiling portable-atomic v1.15.0
   Compiling ruint-macro v1.2.1
   Compiling derive_more-impl v2.1.1
   Compiling ruint v1.20.0
   Compiling ecdsa v0.16.9
   Compiling digest v0.11.3
   Compiling indexmap v2.14.2
   Compiling sha2 v0.10.9
   Compiling keccak v0.2.2
   Compiling itoa v1.0.18
   Compiling sha3 v0.11.0
   Compiling k256 v0.13.4
   Compiling derive_more v2.1.1
   Compiling const-hex v1.19.1
   Compiling critical-section v1.2.0
   Compiling once_cell v1.21.4
   Compiling alloy-primitives v1.6.1
   Compiling ident_case v1.0.1
   Compiling strsim v0.11.1
   Compiling thiserror v2.0.19
   Compiling thiserror-impl v2.0.19
   Compiling crossbeam-utils v0.8.23
   Compiling darling_core v0.24.1
   Compiling getrandom v0.3.4
   Compiling zmij v1.0.23
   Compiling serde_json v1.0.151
   Compiling crc-catalog v2.5.0
   Compiling memchr v2.8.3
   Compiling crossbeam-epoch v0.9.21
   Compiling zerocopy v0.8.57
   Compiling darling_macro v0.24.1
   Compiling radium v0.7.0
   Compiling darling v0.24.1
   Compiling bitflags v2.13.2
   Compiling serde_with_macros v3.23.0
   Compiling crc v3.4.0
   Compiling rand_core v0.9.5
   Compiling alloy-eip7928 v0.4.9
   Compiling darling_core v0.23.0
   Compiling tracing-core v0.1.36
   Compiling either v1.18.0
   Compiling tracing-attributes v0.1.31
   Compiling smallvec v1.16.1
   Compiling rustversion v1.0.23
   Compiling pin-project-lite v0.2.17
   Compiling autocfg v1.5.1
   Compiling tap v1.0.1
   Compiling wyz v0.5.1
   Compiling num-traits v0.2.19
   Compiling tracing v0.1.44
   Compiling nybbles v0.4.8
   Compiling darling_macro v0.23.0
   Compiling alloy-serde v2.4.2
   Compiling alloy-eip2124 v0.2.0
   Compiling serde_with v3.23.0
   Compiling alloy-eip7702 v0.6.3
   Compiling alloy-eip2930 v0.2.4
   Compiling auto_impl v1.3.0
   Compiling funty v2.0.0
   Compiling crossbeam-deque v0.8.8
   Compiling bitvec v1.1.1
   Compiling ppv-lite86 v0.2.21
   Compiling alloy-eips v2.4.2
   Compiling darling v0.23.0
   Compiling alloy-trie v0.9.5
   Compiling revm-primitives v42.0.0
   Compiling rustix v1.1.4
   Compiling bytemuck v1.25.2
   Compiling getrandom v0.4.3
   Compiling rayon-core v1.13.0
   Compiling safe_arch v0.7.4
   Compiling revm-bytecode v42.0.0
   Compiling rapidhash v4.5.1
   Compiling alloy-tx-macros v2.4.1
   Compiling rand_chacha v0.9.0
   Compiling rand_xoshiro v0.7.0
   Compiling raw-cpuid v11.6.0
   Compiling bitmaps v3.2.1
   Compiling nonmax v0.5.5
   Compiling linux-raw-sys v0.12.1
   Compiling quanta v0.12.6
   Compiling revm-state v42.0.0
   Compiling imbl-sized-chunks v0.1.3
   Compiling blake3 v1.8.7
   Compiling alloy-consensus v2.4.1
   Compiling rand v0.9.5
   Compiling ordered-float v5.3.0
   Compiling metrics v0.24.6
   Compiling wide v0.7.33
   Compiling alloy-genesis v2.4.2
   Compiling hashbrown v0.16.1
   Compiling archery v1.2.3
   Compiling sketches-ddsketch v0.3.1
   Compiling fastrand v2.5.0
   Compiling tempfile v3.27.0
   Compiling metrics-util v0.20.4
   Compiling imbl v7.0.1
   Compiling reth-primitives-traits v0.6.0
   Compiling rayon v1.12.0
   Compiling n42-twig-core v0.5.1 (/home/n42/src/n42/n42-26/crates/n42-twig-core)
   Compiling bincode v1.3.3
   Compiling n42-prepared-release-bench v0.1.0 (/home/n42/src/n42/n42-26/docs/benchmarks/20260914-qmdb-prepared-candidate)
    Finished `release` profile [optimized] target(s) in 32.09s
  Executable unittests lib.rs (target/release/deps/n42_prepared_release_bench-17aaf86788aab384)
