    Checking n42-primitives v0.5.1 (/tmp/n42-ci-repro-j5wu4xcf/n42-26/crates/n42-primitives)
    Checking n42-parallel-evm v0.5.1 (/tmp/n42-ci-repro-j5wu4xcf/n42-26/crates/n42-parallel-evm)
    Checking n42-twig-core v0.5.1 (/tmp/n42-ci-repro-j5wu4xcf/n42-26/crates/n42-twig-core)
    Checking n42-chainspec v0.5.1 (/tmp/n42-ci-repro-j5wu4xcf/n42-26/crates/n42-chainspec)
    Checking n42-execution v0.5.1 (/tmp/n42-ci-repro-j5wu4xcf/n42-26/crates/n42-execution)
    Checking n42-bmt-core v0.5.1 (/tmp/n42-ci-repro-j5wu4xcf/n42-26/crates/n42-bmt-core)
    Checking reth-consensus-common v2.4.1 (/tmp/n42-ci-repro-j5wu4xcf/reth/crates/consensus/common)
   Compiling n42-jmt v0.5.1 (/tmp/n42-ci-repro-j5wu4xcf/n42-26/crates/n42-jmt)
    Checking n42-mobile v0.5.1 (/tmp/n42-ci-repro-j5wu4xcf/n42-26/crates/n42-mobile)
    Checking reth-ethereum-consensus v2.4.1 (/tmp/n42-ci-repro-j5wu4xcf/reth/crates/ethereum/consensus)
    Checking n42-zkproof v0.5.1 (/tmp/n42-ci-repro-j5wu4xcf/n42-26/crates/n42-zkproof)
    Checking n42-consensus v0.5.1 (/tmp/n42-ci-repro-j5wu4xcf/n42-26/crates/n42-consensus)
    Checking reth-rpc v2.4.1 (/tmp/n42-ci-repro-j5wu4xcf/reth/crates/rpc/rpc)
    Checking n42-network v0.5.1 (/tmp/n42-ci-repro-j5wu4xcf/n42-26/crates/n42-network)
    Checking reth-rpc-builder v2.4.1 (/tmp/n42-ci-repro-j5wu4xcf/reth/crates/rpc/rpc-builder)
    Checking reth-node-builder v2.4.1 (/tmp/n42-ci-repro-j5wu4xcf/reth/crates/node/builder)
    Checking n42-consensus-service v0.5.1 (/tmp/n42-ci-repro-j5wu4xcf/n42-26/crates/n42-consensus-service)
    Checking reth-ethereum-payload-builder v2.4.1 (/tmp/n42-ci-repro-j5wu4xcf/reth/crates/ethereum/payload)
    Checking reth-node-ethereum v2.4.1 (/tmp/n42-ci-repro-j5wu4xcf/reth/crates/ethereum/node)
    Checking reth-cli-commands v2.4.1 (/tmp/n42-ci-repro-j5wu4xcf/reth/crates/cli/commands)
    Checking reth-ethereum-cli v2.4.1 (/tmp/n42-ci-repro-j5wu4xcf/reth/crates/ethereum/cli)
    Checking n42-node v0.5.1 (/tmp/n42-ci-repro-j5wu4xcf/n42-26/crates/n42-node)
    Checking n42-el-rpc v0.5.1 (/tmp/n42-ci-repro-j5wu4xcf/n42-26/crates/n42-el-rpc)
    Checking n42-mobile-ffi v0.5.1 (/tmp/n42-ci-repro-j5wu4xcf/n42-26/crates/n42-mobile-ffi)
    Checking n42-consensus-standalone v0.5.1 (/tmp/n42-ci-repro-j5wu4xcf/n42-26/bin/n42-consensus-standalone)
    Checking e2e-test v0.5.1 (/tmp/n42-ci-repro-j5wu4xcf/n42-26/tests/e2e)
    Checking n42-node-bin v0.5.1 (/tmp/n42-ci-repro-j5wu4xcf/n42-26/bin/n42-node)
    Checking n42-stress v0.5.1 (/tmp/n42-ci-repro-j5wu4xcf/n42-26/bin/n42-stress)
    Checking n42-mobile-sim v0.5.1 (/tmp/n42-ci-repro-j5wu4xcf/n42-26/bin/n42-mobile-sim)
    Checking n42-evm-bench v0.5.1 (/tmp/n42-ci-repro-j5wu4xcf/n42-26/bin/n42-evm-bench)
    Finished `dev` profile [unoptimized + debuginfo] target(s) in 36.32s
warning: the following packages contain code that will be rejected by a future version of Rust: proc-macro-error2 v2.0.1
note: to see what the problems were, use the option `--future-incompat-report`, or run `cargo report future-incompatibilities --id 1`
