   Compiling serde v1.0.229
   Compiling crypto-common v0.1.7
   Compiling digest v0.10.7
   Compiling indexmap v2.14.0
   Compiling bytes v1.12.1
   Compiling smallvec v1.15.2
   Compiling serdect v0.2.0
   Compiling hmac v0.12.1
   Compiling sec1 v0.7.3
   Compiling rand_core v0.9.5
   Compiling sha2 v0.10.9
   Compiling elliptic-curve v0.13.8
   Compiling rand_chacha v0.9.0
   Compiling rfc6979 v0.4.0
   Compiling arrayvec v0.7.8
   Compiling signature v2.2.0
   Compiling ecdsa v0.16.9
   Compiling rand v0.9.5
   Compiling alloy-rlp v0.3.16
   Compiling k256 v0.13.4
   Compiling ruint v1.20.0
   Compiling secp256k1 v0.31.1
   Compiling derive_more v2.1.1
   Compiling alloy-primitives v1.6.1
   Compiling tracing v0.1.44
   Compiling darling_core v0.23.0
   Compiling thiserror v2.0.19
   Compiling lock_api v0.4.14
   Compiling parking_lot_core v0.9.12
   Compiling parking_lot v0.12.5
   Compiling http v1.5.0
   Compiling darling_macro v0.23.0
   Compiling darling v0.23.0
   Compiling either v1.17.0
   Compiling tokio v1.53.1
   Compiling serde_with_macros v3.21.0
   Compiling c-kzg v2.1.8
   Compiling rand v0.8.7
   Compiling serde_with v3.21.0
   Compiling ethereum_serde_utils v0.8.1
   Compiling itertools v0.14.0
   Compiling tinystr v0.8.3
   Compiling icu_locale_core v2.2.0
   Compiling ethereum_ssz v0.10.4
   Compiling alloy-eip7702 v0.6.3
   Compiling alloy-eip2124 v0.2.0
   Compiling ethereum_ssz_derive v0.10.4
   Compiling zerotrie v0.2.4
   Compiling alloy-serde v2.3.0
   Compiling alloy-eip7928 v0.4.5
   Compiling alloy-eip2930 v0.2.3
   Compiling nybbles v0.4.8
   Compiling icu_collections v2.2.0
   Compiling alloy-trie v0.9.5
   Compiling alloy-eips v2.3.0
   Compiling icu_provider v2.2.0
   Compiling secp256k1 v0.30.0
   Compiling tokio-util v0.7.19
   Compiling alloy-tx-macros v2.3.0
   Compiling aws-lc-rs v1.17.3
   Compiling alloy-consensus v2.3.0
   Compiling http-body v1.1.0
   Compiling futures-util v0.3.33
   Compiling icu_properties v2.2.0
   Compiling icu_normalizer v2.2.0
   Compiling alloy-sol-types v1.6.1
   Compiling rustls-webpki v0.103.13
   Compiling sha3 v0.10.9
   Compiling h2 v0.4.15
   Compiling rustls v0.23.43
   Compiling idna_adapter v1.2.2
   Compiling alloy-consensus-any v2.3.0
   Compiling alloy-network-primitives v2.3.0
   Compiling bs58 v0.5.1
   Compiling ripemd v0.1.3
   Compiling coins-core v0.12.0
   Compiling hdrhistogram v7.6.0
   Compiling hyper v1.11.0
   Compiling alloy-rpc-types-eth v2.3.0
   Compiling idna v1.1.0
   Compiling ipnet v2.12.1
   Compiling tower v0.5.3
   Compiling bitvec v1.1.1
   Compiling alloy-signer v2.3.0
   Compiling hyper-util v0.1.20
   Compiling alloy-rpc-types-any v2.3.0
   Compiling url v2.5.8
   Compiling coins-bip32 v0.12.0
   Compiling async-compression v0.4.43
   Compiling tokio-rustls v0.26.4
   Compiling alloy-json-rpc v2.3.0
   Compiling http-body-util v0.1.4
   Compiling pbkdf2 v0.12.2
   Compiling serde_urlencoded v0.7.1
   Compiling tower-http v0.6.11
   Compiling alloy-network v2.3.0
   Compiling coins-bip39 v0.12.0
   Compiling hyper-rustls v0.27.9
   Compiling rustls-platform-verifier v0.7.0
   Compiling tracing-serde v0.2.0
   Compiling blake3 v1.8.5
   Compiling tracing-subscriber v0.3.23
   Compiling reqwest v0.13.4
   Compiling clap v4.6.5
   Compiling alloy-signer-local v2.3.0
   Compiling n42-stress v0.5.1 (/tmp/n42-ci-repro-j5wu4xcf/n42-26/bin/n42-stress)
    Finished `dev` profile [unoptimized + debuginfo] target(s) in 22.20s
