     Locking 314 packages to latest Rust 1.97.1 compatible versions
      Adding alloy-json-abi v1.6.1 (available: v1.7.1)
      Adding alloy-primitives v1.6.1 (available: v1.7.3)
      Adding alloy-sol-types v1.6.1 (available: v1.7.1)
      Adding crypto-common v0.1.6 (available: v0.1.7)
      Adding thiserror v2.0.19 (available: v2.0.20)
      Adding thiserror-impl v2.0.19 (available: v2.0.20)
   Compiling proc-macro2 v1.0.107
   Compiling quote v1.0.47
   Compiling unicode-ident v1.0.24
   Compiling typenum v1.20.1
   Compiling cfg-if v1.0.4
   Compiling syn v3.0.5
   Compiling zeroize v1.9.0
   Compiling version_check v0.9.5
   Compiling generic-array v0.14.9
   Compiling serde_core v1.0.229
   Compiling libc v0.2.189
   Compiling subtle v2.6.1
   Compiling syn v2.0.119
   Compiling const-oid v0.9.6
   Compiling getrandom v0.2.17
   Compiling block-buffer v0.10.4
   Compiling crypto-common v0.1.6
   Compiling serde v1.0.229
   Compiling digest v0.10.7
   Compiling rand_core v0.6.4
   Compiling serde_derive v1.0.229
   Compiling der v0.7.10
   Compiling arrayvec v0.7.8
   Compiling ff v0.13.1
   Compiling hybrid-array v0.4.15
   Compiling base16ct v0.2.0
   Compiling group v0.13.0
   Compiling sec1 v0.7.3
   Compiling bytes v1.12.1
   Compiling alloy-rlp-derive v0.3.16
   Compiling crypto-bigint v0.5.5
   Compiling hmac v0.12.1
   Compiling cpufeatures v0.2.17
   Compiling unicode-segmentation v1.13.3
   Compiling convert_case v0.10.0
   Compiling elliptic-curve v0.13.8
   Compiling rfc6979 v0.4.0
   Compiling alloy-rlp v0.3.16
   Compiling crypto-common v0.2.2
   Compiling block-buffer v0.12.1
   Compiling spki v0.7.3
   Compiling signature v2.2.0
   Compiling unicode-xid v0.2.6
   Compiling paste v1.0.15
   Compiling equivalent v1.0.2
   Compiling foldhash v0.2.0
   Compiling ruint-macro v1.2.1
   Compiling ruint v1.20.0
   Compiling hashbrown v0.17.1
   Compiling digest v0.11.3
   Compiling derive_more-impl v2.1.1
   Compiling ecdsa v0.16.9
   Compiling sha2 v0.10.9
   Compiling keccak v0.2.2
   Compiling itoa v1.0.18
   Compiling portable-atomic v1.15.0
   Compiling sha3 v0.11.0
   Compiling k256 v0.13.4
   Compiling indexmap v2.14.2
   Compiling derive_more v2.1.1
   Compiling const-hex v1.19.1
   Compiling alloy-primitives v1.6.1
   Compiling ident_case v1.0.1
   Compiling critical-section v1.2.0
   Compiling strsim v0.11.1
   Compiling once_cell v1.21.4
   Compiling thiserror v2.0.19
   Compiling thiserror-impl v2.0.19
   Compiling darling_core v0.24.1
   Compiling zmij v1.0.23
   Compiling serde_json v1.0.151
   Compiling crc-catalog v2.5.0
   Compiling memchr v2.8.3
   Compiling radium v0.7.0
   Compiling darling_macro v0.24.1
   Compiling darling v0.24.1
   Compiling serde_with_macros v3.23.0
   Compiling crc v3.4.0
   Compiling alloy-eip7928 v0.4.9
   Compiling tracing-core v0.1.36
   Compiling darling_core v0.23.0
   Compiling shlex v2.0.1
   Compiling tap v1.0.1
   Compiling smallvec v1.16.1
   Compiling find-msvc-tools v0.1.12
   Compiling pin-project-lite v0.2.17
   Compiling tracing v0.1.44
   Compiling cc v1.4.6
   Compiling darling_macro v0.23.0
   Compiling nybbles v0.4.8
   Compiling wyz v0.5.1
   Compiling serde_with v3.23.0
   Compiling alloy-eip2124 v0.2.0
   Compiling alloy-serde v2.4.2
   Compiling alloy-eip7702 v0.6.3
   Compiling alloy-eip2930 v0.2.4
   Compiling either v1.18.0
   Compiling auto_impl v1.3.0
   Compiling crossbeam-utils v0.8.23
   Compiling bitflags v2.13.2
   Compiling funty v2.0.0
   Compiling alloy-eips v2.4.2
   Compiling bitvec v1.1.1
   Compiling blake3 v1.8.7
   Compiling alloy-trie v0.9.5
   Compiling darling v0.23.0
   Compiling revm-primitives v42.0.0
   Compiling bytemuck v1.25.2
   Compiling safe_arch v0.7.4
   Compiling revm-bytecode v42.0.0
   Compiling alloy-tx-macros v2.4.1
   Compiling raw-cpuid v11.6.0
   Compiling rand_core v0.9.5
   Compiling constant_time_eq v0.4.2
   Compiling bitmaps v3.2.1
   Compiling cpufeatures v0.3.1
   Compiling nonmax v0.5.5
   Compiling revm-state v42.0.0
   Compiling quanta v0.12.6
   Compiling imbl-sized-chunks v0.1.3
   Compiling rand_xoshiro v0.7.0
   Compiling alloy-consensus v2.4.1
   Compiling wide v0.7.33
   Compiling alloy-genesis v2.4.2
   Compiling archery v1.2.3
   Compiling imbl v7.0.1
   Compiling reth-primitives-traits v0.6.0
   Compiling n42-twig-core v0.5.1 (/home/n42/src/n42/n42-26/crates/n42-twig-core)
   Compiling n42-qmdb-readbench v0.1.0 (/tmp/n42-qmdb-readbench)
warning: variant `InvalidStorage` is never constructed
  --> /home/n42/src/n42/n42-26/crates/n42-node/src/qmdb_read_view.rs:21:5
   |
17 | pub enum QmdbReadError {
   |          ------------- variant in this enum
...
21 |     InvalidStorage(usize),
   |     ^^^^^^^^^^^^^^
   |
   = note: `QmdbReadError` has a derived impl for the trait `Debug`, but this is intentionally ignored during dead code analysis
   = note: `#[warn(dead_code)]` (part of `#[warn(unused)]`) on by default

warning: methods `block_hash`, `root`, and `storage` are never used
  --> /home/n42/src/n42/n42-26/crates/n42-node/src/qmdb_read_view.rs:76:18
   |
43 | impl QmdbReadView {
   | ----------------- methods in this implementation
...
76 |     pub const fn block_hash(&self) -> B256 {
   |                  ^^^^^^^^^^
...
79 |     pub const fn root(&self) -> B256 {
   |                  ^^^^
...
96 |     pub fn storage(&self, address: &Address, slot: &B256) -> Result<Option<U256>, QmdbReadError> {
   |            ^^^^^^^

warning: `n42-qmdb-readbench` (lib test) generated 2 warnings
    Finished `release` profile [optimized] target(s) in 24.87s
     Running unittests lib.rs (/tmp/n42-qmdb-readbench/target/release/deps/n42_qmdb_readbench-f8d08eb33b262e71)

running 1 test
read_view keys=200000 initialize_ms=42.243
read_view updates=147000 derive_ms=50.626
read_view threads=1 reads=1000000 elapsed_ms=257.999 reads_per_second=3875981
read_view threads=16 reads=1000000 elapsed_ms=32.862 reads_per_second=30430131
test qmdb_read_view::tests::bench_immutable_read_views ... ok

test result: ok. 1 passed; 0 failed; 0 ignored; 0 measured; 2 filtered out; finished in 0.65s

