200000 0 before [91.849, 80.864, 77.739]
200000 0 after [84.512, 73.297, 70.192]
200000 1 after [85.85, 74.34, 71.085]
200000 1 before [92.716, 84.036, 78.602]
200000 2 before [90.778, 79.42, 75.453]
200000 2 after [84.159, 74.22, 70.873]
200000 3 after [83.968, 75.351, 71.914]
200000 3 before [90.267, 81.438, 79.095]
200000 4 before [92.341, 83.17, 77.777]
200000 4 after [86.115, 73.687, 69.988]
200000 5 after [83.262, 73.268, 70.873]
200000 5 before [92.868, 81.024, 79.225]
2000000 0 before [102.917, 86.009, 93.327]
2000000 0 after [93.777, 85.093, 82.568]
2000000 1 after [93.081, 79.027, 83.806]
2000000 1 before [103.029, 88.336, 99.111]
2000000 2 before [103.764, 86.225, 92.622]
2000000 2 after [92.043, 80.09, 84.824]
2000000 3 after [94.434, 81.525, 82.319]
2000000 3 before [103.725, 90.397, 91.197]
2000000 4 before [106.841, 90.252, 92.978]
2000000 4 after [91.127, 79.637, 85.292]
2000000 5 after [92.493, 78.322, 83.01]
2000000 5 before [110.48, 91.398, 94.241]
[
  {
    "keys": 200000,
    "version": "before",
    "count": 18,
    "median_ms": 81.231,
    "min_ms": 75.453,
    "max_ms": 92.868
  },
  {
    "keys": 200000,
    "version": "after",
    "count": 18,
    "median_ms": 73.95349999999999,
    "min_ms": 69.988,
    "max_ms": 86.115
  },
  {
    "keys": 2000000,
    "version": "before",
    "count": 18,
    "median_ms": 93.1525,
    "min_ms": 86.009,
    "max_ms": 110.48
  },
  {
    "keys": 2000000,
    "version": "after",
    "count": 18,
    "median_ms": 84.315,
    "min_ms": 78.322,
    "max_ms": 94.434
  }
]
