   Compiling serde_core v1.0.229
   Compiling libc v0.2.189
   Compiling zeroize v1.9.0
   Compiling subtle v2.6.1
   Compiling generic-array v0.14.7
   Compiling getrandom v0.2.17
   Compiling rand_core v0.6.4
   Compiling block-buffer v0.10.4
   Compiling crypto-common v0.1.7
   Compiling serde v1.0.229
   Compiling digest v0.10.7
   Compiling hashbrown v0.17.1
   Compiling bytes v1.12.1
   Compiling smallvec v1.15.2
   Compiling der v0.7.10
   Compiling pin-project-lite v0.2.17
   Compiling serdect v0.2.0
   Compiling ff v0.13.1
   Compiling hybrid-array v0.4.14
   Compiling arrayvec v0.7.8
   Compiling spki v0.7.3
   Compiling pkcs8 v0.10.2
   Compiling sec1 v0.7.3
   Compiling group v0.13.0
   Compiling hmac v0.12.1
   Compiling crypto-bigint v0.5.5
   Compiling alloy-rlp v0.3.16
   Compiling rfc6979 v0.4.0
   Compiling block-buffer v0.12.1
   Compiling crypto-common v0.2.2
   Compiling elliptic-curve v0.13.8
   Compiling signature v2.2.0
   Compiling derive_more-impl v2.1.1
   Compiling ecdsa v0.16.9
   Compiling ruint v1.20.0
   Compiling digest v0.11.3
   Compiling sha2 v0.10.9
   Compiling keccak v0.2.0
   Compiling sha3 v0.11.0
   Compiling k256 v0.13.4
   Compiling derive_more v2.1.1
   Compiling const-hex v1.19.1
   Compiling alloy-primitives v1.6.1
   Compiling tracing-core v0.1.36
   Compiling thiserror v2.0.19
   Compiling tracing v0.1.44
   Compiling displaydoc v0.2.7
   Compiling futures-core v0.3.33
   Compiling serde_json v1.0.151
   Compiling parking_lot_core v0.9.12
   Compiling http v1.5.0
   Compiling either v1.17.0
   Compiling errno v0.3.14
   Compiling signal-hook-registry v1.4.8
   Compiling parking_lot v0.12.5
   Compiling socket2 v0.6.5
   Compiling mio v1.2.2
   Compiling tinystr v0.8.3
   Compiling tokio v1.53.1
   Compiling aws-lc-rs v1.17.3
   Compiling icu_locale_core v2.2.0
   Compiling serde_with v3.21.0
   Compiling alloy-eip2124 v0.2.0
   Compiling alloy-serde v2.3.0
   Compiling zerotrie v0.2.4
   Compiling alloy-eip7702 v0.6.3
   Compiling alloy-eip7928 v0.4.5
   Compiling alloy-eip2930 v0.2.3
   Compiling nybbles v0.4.8
   Compiling slab v0.4.12
   Compiling icu_collections v2.2.0
   Compiling alloy-trie v0.9.5
   Compiling alloy-eips v2.3.0
   Compiling icu_provider v2.2.0
   Compiling aws-lc-sys v0.43.0
   Compiling rustls-pki-types v1.15.1
   Compiling alloy-consensus v2.3.0
   Compiling http-body v1.1.0
   Compiling futures-sink v0.3.33
   Compiling rustls v0.23.43
   Compiling futures-task v0.3.33
   Compiling untrusted v0.9.0
   Compiling indexmap v2.14.0
   Compiling rustls-webpki v0.103.13
   Compiling futures-util v0.3.33
   Compiling tokio-util v0.7.19
   Compiling icu_normalizer v2.2.0
   Compiling icu_properties v2.2.0
   Compiling alloy-sol-types v1.6.1
   Compiling crossbeam-epoch v0.9.20
   Compiling fnv v1.0.7
   Compiling h2 v0.4.15
   Compiling idna_adapter v1.2.2
   Compiling alloy-consensus-any v2.3.0
   Compiling alloy-network-primitives v2.3.0
   Compiling itertools v0.14.0
   Compiling futures-channel v0.3.33
   Compiling log v0.4.33
   Compiling hyper v1.11.0
   Compiling alloy-rpc-types-eth v2.3.0
   Compiling idna v1.1.0
   Compiling form_urlencoded v1.2.2
   Compiling sync_wrapper v1.0.2
   Compiling ipnet v2.12.1
   Compiling openssl-probe v0.2.1
   Compiling regex-syntax v0.8.11
   Compiling crunchy v0.2.4
   Compiling getrandom v0.4.3
   Compiling hyper-util v0.1.20
   Compiling regex-automata v0.4.18
   Compiling rustls-native-certs v0.8.4
   Compiling tower v0.5.3
   Compiling alloy-signer v2.3.0
   Compiling url v2.5.8
   Compiling rand_chacha v0.3.1
   Compiling crossbeam-deque v0.8.7
   Compiling alloy-rpc-types-any v2.3.0
   Compiling tokio-rustls v0.26.4
   Compiling alloy-json-rpc v2.3.0
   Compiling tiny-keccak v2.0.2
   Compiling clap_builder v4.6.5
   Compiling alloy-network v2.3.0
   Compiling hyper-rustls v0.27.9
   Compiling rayon-core v1.13.0
   Compiling rand v0.8.7
   Compiling tower-http v0.6.11
   Compiling matchers v0.2.0
   Compiling rustls-platform-verifier v0.7.0
   Compiling tracing-log v0.2.0
   Compiling http-body-util v0.1.4
   Compiling encoding_rs v0.8.35
   Compiling thread_local v1.1.10
   Compiling blake3 v1.8.5
   Compiling eyre v0.6.12
   Compiling reqwest v0.13.4
   Compiling tempfile v3.27.0
   Compiling tracing-subscriber v0.3.23
   Compiling clap v4.6.5
   Compiling alloy-signer-local v2.3.0
   Compiling rayon v1.12.0
   Compiling n42-stress v0.5.1 (/tmp/n42-ci-repro-j5wu4xcf/n42-26/bin/n42-stress)
    Finished `release` profile [optimized] target(s) in 1m 05s
