    Finished `test` profile [unoptimized + debuginfo] target(s) in 0.44s
warning: the following packages contain code that will be rejected by a future version of Rust: proc-macro-error2 v2.0.1
note: to see what the problems were, use the option `--future-incompat-report`, or run `cargo report future-incompatibilities --id 1`
     Running unittests src/lib.rs (target/debug/deps/n42_node-f6af4eaa96fd0678)

running 1 test
undo_capacity budget=18446744073709551615 block=1 updates=147000 undo_bytes=26194824 undo_records=1 operations_bytes=10584000 root=0x68e0751940c07067c4eddc0a67d5d1648fbddc8dcec8a03286ea0154a704cf7f
undo_capacity budget=18446744073709551615 block=2 updates=147000 undo_bytes=52389648 undo_records=2 operations_bytes=21168000 root=0xcff98f327be8521dde27da2bd96fb4e67e56eefbfc31c6a3495ab492e003f19a
undo_capacity budget=18446744073709551615 block=3 updates=147000 undo_bytes=78584472 undo_records=3 operations_bytes=31752000 root=0x6aec17fe651506a60ab8e8ad72242945db7b43eed55065eb07fbf4a8829ea5c5
undo_capacity budget=18446744073709551615 block=4 updates=147000 undo_bytes=104779296 undo_records=4 operations_bytes=42336000 root=0x4001126eb6f51bdb20b2ffbf4505bbc0ebb76af9a96874ef27e7c2b8a9689bf2
undo_capacity budget=18446744073709551615 block=5 updates=147000 undo_bytes=130974120 undo_records=5 operations_bytes=52920000 root=0xedd3bff0168dca6e1e08d32ef0ce217744a15b33442bf0b5de6cd4e87ffdb3be
undo_capacity budget=18446744073709551615 block=6 updates=147000 undo_bytes=157168944 undo_records=6 operations_bytes=63504000 root=0x46fd398a3bfd5536e39c4a02414a3022df15bfb25b8d34a226f3a1491ece19b9
undo_capacity budget=18446744073709551615 block=7 updates=147000 undo_bytes=183363768 undo_records=7 operations_bytes=74088000 root=0x60f0fc76152d86727f092e3696e2da38544b55fc2000652a00e24c1898bc7fe8
undo_capacity budget=18446744073709551615 block=8 updates=147000 undo_bytes=209558592 undo_records=8 operations_bytes=84672000 root=0xb31cc37e87bc9e6698d48062ee9ceda06dc3efbec6cd8ac61a6c2161c366b70c
undo_capacity budget=18446744073709551615 block=9 updates=147000 undo_bytes=235753416 undo_records=9 operations_bytes=95256000 root=0x96dc19544c8834a28f338d553e9026b54a55f26dfb01844f8ad1748062ef6040
undo_capacity budget=18446744073709551615 block=10 updates=147000 undo_bytes=261948240 undo_records=10 operations_bytes=105840000 root=0x0f69ecce9006558305bf81f3ebe1d73338e69191f6db21abe4e68804329ea5c9
undo_capacity budget=18446744073709551615 block=11 updates=147000 undo_bytes=288143064 undo_records=11 operations_bytes=116424000 root=0xd382e431cb639573f90abd97f78752cd9b6e6bd1b3d64ba245952749774e9197
undo_capacity budget=18446744073709551615 block=12 updates=147000 undo_bytes=314337888 undo_records=12 operations_bytes=127008000 root=0xcc765c283537f32e8d1df83da3b2ac367aece35cdfe4119afbafc69a77d3f15d
undo_capacity budget=18446744073709551615 block=13 updates=147000 undo_bytes=340532712 undo_records=13 operations_bytes=137592000 root=0xeae87ad9cf3659a8f18078b15de27c05a310253fe2ea8988d8551c7a3e55129c
undo_capacity budget=18446744073709551615 block=14 updates=147000 undo_bytes=366727536 undo_records=14 operations_bytes=148176000 root=0x536ee21eb1b8bb2004b84b5ec404832c0f5269743c35c1faa0ae48333f07e25b
undo_capacity budget=18446744073709551615 block=15 updates=147000 undo_bytes=392922360 undo_records=15 operations_bytes=158760000 root=0xb2ae942bf9b4a3f181ed566da5e30cb73a65d53dc148318d97241ad5a854efff
undo_capacity budget=18446744073709551615 block=16 updates=147000 undo_bytes=419117184 undo_records=16 operations_bytes=169344000 root=0xeb7e699fbaf360d4436f542a1fe1cc9b515134c7c6d033d9dd3bb547fe9fc60a
undo_capacity budget=268435456 block=1 updates=147000 undo_bytes=26194824 undo_records=1 operations_bytes=10584000 root=0x68e0751940c07067c4eddc0a67d5d1648fbddc8dcec8a03286ea0154a704cf7f
undo_capacity budget=268435456 block=2 updates=147000 undo_bytes=52389648 undo_records=2 operations_bytes=21168000 root=0xcff98f327be8521dde27da2bd96fb4e67e56eefbfc31c6a3495ab492e003f19a
undo_capacity budget=268435456 block=3 updates=147000 undo_bytes=78584472 undo_records=3 operations_bytes=31752000 root=0x6aec17fe651506a60ab8e8ad72242945db7b43eed55065eb07fbf4a8829ea5c5
undo_capacity budget=268435456 block=4 updates=147000 undo_bytes=104779296 undo_records=4 operations_bytes=42336000 root=0x4001126eb6f51bdb20b2ffbf4505bbc0ebb76af9a96874ef27e7c2b8a9689bf2
undo_capacity budget=268435456 block=5 updates=147000 undo_bytes=130974120 undo_records=5 operations_bytes=52920000 root=0xedd3bff0168dca6e1e08d32ef0ce217744a15b33442bf0b5de6cd4e87ffdb3be
undo_capacity budget=268435456 block=6 updates=147000 undo_bytes=157168944 undo_records=6 operations_bytes=63504000 root=0x46fd398a3bfd5536e39c4a02414a3022df15bfb25b8d34a226f3a1491ece19b9
undo_capacity budget=268435456 block=7 updates=147000 undo_bytes=183363768 undo_records=7 operations_bytes=74088000 root=0x60f0fc76152d86727f092e3696e2da38544b55fc2000652a00e24c1898bc7fe8
undo_capacity budget=268435456 block=8 updates=147000 undo_bytes=209558592 undo_records=8 operations_bytes=84672000 root=0xb31cc37e87bc9e6698d48062ee9ceda06dc3efbec6cd8ac61a6c2161c366b70c
undo_capacity budget=268435456 block=9 updates=147000 undo_bytes=235753416 undo_records=9 operations_bytes=95256000 root=0x96dc19544c8834a28f338d553e9026b54a55f26dfb01844f8ad1748062ef6040
undo_capacity budget=268435456 block=10 updates=147000 undo_bytes=261948240 undo_records=10 operations_bytes=105840000 root=0x0f69ecce9006558305bf81f3ebe1d73338e69191f6db21abe4e68804329ea5c9
undo_capacity budget=268435456 block=11 updates=147000 undo_bytes=261948240 undo_records=10 operations_bytes=116424000 root=0xd382e431cb639573f90abd97f78752cd9b6e6bd1b3d64ba245952749774e9197
undo_capacity budget=268435456 block=12 updates=147000 undo_bytes=261948240 undo_records=10 operations_bytes=127008000 root=0xcc765c283537f32e8d1df83da3b2ac367aece35cdfe4119afbafc69a77d3f15d
undo_capacity budget=268435456 block=13 updates=147000 undo_bytes=261948240 undo_records=10 operations_bytes=137592000 root=0xeae87ad9cf3659a8f18078b15de27c05a310253fe2ea8988d8551c7a3e55129c
undo_capacity budget=268435456 block=14 updates=147000 undo_bytes=261948240 undo_records=10 operations_bytes=148176000 root=0x536ee21eb1b8bb2004b84b5ec404832c0f5269743c35c1faa0ae48333f07e25b
undo_capacity budget=268435456 block=15 updates=147000 undo_bytes=261948240 undo_records=10 operations_bytes=158760000 root=0xb2ae942bf9b4a3f181ed566da5e30cb73a65d53dc148318d97241ad5a854efff
undo_capacity budget=268435456 block=16 updates=147000 undo_bytes=261948240 undo_records=10 operations_bytes=169344000 root=0xeb7e699fbaf360d4436f542a1fe1cc9b515134c7c6d033d9dd3bb547fe9fc60a
test qmdb_state_root::tests::bench_undo_capacity_budget ... ok

test result: ok. 1 passed; 0 failed; 0 ignored; 0 measured; 224 filtered out; finished in 18.95s

