200000 0 0 before [83.156, 74.56, 73.106]
200000 0 0 after [77.698, 70.781, 68.861]
200000 0 1 after [75.859, 70.798, 70.085]
200000 0 1 before [83.731, 73.441, 70.763]
200000 0 2 before [83.075, 73.572, 70.863]
200000 0 2 after [76.807, 70.803, 66.367]
200000 0 3 after [76.866, 70.852, 69.244]
200000 0 3 before [83.399, 74.031, 72.033]
200000 0 4 before [82.826, 73.449, 71.075]
200000 0 4 after [76.069, 69.733, 67.977]
200000 0 5 after [76.689, 70.253, 70.682]
200000 0 5 before [82.617, 72.938, 68.998]
200000 1 0 before [69.45, 62.551, 59.843]
200000 1 0 after [70.407, 63.436, 58.108]
200000 1 1 after [67.937, 61.431, 57.913]
200000 1 1 before [68.962, 61.801, 60.669]
200000 1 2 before [70.107, 62.183, 58.269]
200000 1 2 after [69.778, 63.544, 61.258]
200000 1 3 after [68.368, 66.894, 61.981]
200000 1 3 before [69.902, 62.084, 59.064]
200000 1 4 before [70.791, 64.229, 62.899]
200000 1 4 after [69.32, 62.37, 60.279]
200000 1 5 after [68.749, 65.291, 61.758]
200000 1 5 before [68.904, 61.554, 60.229]
2000000 0 0 before [93.346, 79.497, 79.257]
2000000 0 0 after [88.512, 82.342, 80.522]
2000000 0 1 after [88.175, 81.073, 80.09]
2000000 0 1 before [91.844, 84.688, 91.51]
2000000 0 2 before [94.103, 80.765, 82.689]
2000000 0 2 after [99.131, 84.571, 79.573]
2000000 0 3 after [91.853, 84.814, 79.914]
2000000 0 3 before [99.5, 85.228, 90.015]
2000000 0 4 before [95.126, 84.38, 89.175]
2000000 0 4 after [86.144, 82.813, 80.114]
2000000 0 5 after [87.005, 80.598, 78.203]
2000000 0 5 before [92.831, 79.684, 79.294]
2000000 1 0 before [79.528, 72.408, 68.877]
2000000 1 0 after [77.132, 72.547, 71.192]
2000000 1 1 after [76.245, 71.842, 68.568]
2000000 1 1 before [80.931, 74.836, 70.997]
2000000 1 2 before [79.734, 71.755, 69.024]
2000000 1 2 after [79.701, 72.139, 70.288]
2000000 1 3 after [79.813, 74.509, 70.862]
2000000 1 3 before [82.344, 73.221, 74.305]
2000000 1 4 before [80.018, 74.767, 71.273]
2000000 1 4 after [76.557, 74.086, 69.3]
2000000 1 5 after [76.765, 72.003, 70.737]
2000000 1 5 before [80.667, 73.041, 70.003]
[
  {
    "keys": 200000,
    "ordered": 0,
    "version": "before",
    "count": 18,
    "median_ms": 73.51050000000001,
    "min_ms": 68.998,
    "max_ms": 83.731
  },
  {
    "keys": 200000,
    "ordered": 0,
    "version": "after",
    "count": 18,
    "median_ms": 70.7895,
    "min_ms": 66.367,
    "max_ms": 77.698
  },
  {
    "keys": 200000,
    "ordered": 1,
    "version": "before",
    "count": 18,
    "median_ms": 62.367000000000004,
    "min_ms": 58.269,
    "max_ms": 70.791
  },
  {
    "keys": 200000,
    "ordered": 1,
    "version": "after",
    "count": 18,
    "median_ms": 63.489999999999995,
    "min_ms": 57.913,
    "max_ms": 70.407
  },
  {
    "keys": 2000000,
    "ordered": 0,
    "version": "before",
    "count": 18,
    "median_ms": 87.2015,
    "min_ms": 79.257,
    "max_ms": 99.5
  },
  {
    "keys": 2000000,
    "ordered": 0,
    "version": "after",
    "count": 18,
    "median_ms": 82.5775,
    "min_ms": 78.203,
    "max_ms": 99.131
  },
  {
    "keys": 2000000,
    "ordered": 1,
    "version": "before",
    "count": 18,
    "median_ms": 73.763,
    "min_ms": 68.877,
    "max_ms": 82.344
  },
  {
    "keys": 2000000,
    "ordered": 1,
    "version": "after",
    "count": 18,
    "median_ms": 72.34299999999999,
    "min_ms": 68.568,
    "max_ms": 79.813
  }
]
