    Blocking waiting for file lock on build directory
   Compiling syn v3.0.3
   Compiling serde_core v1.0.229
   Compiling zeroize v1.9.0
   Compiling subtle v2.6.1
   Compiling hybrid-array v0.4.14
   Compiling ctutils v0.4.2
   Compiling serde_derive v1.0.229
   Compiling crypto-common v0.2.2
   Compiling block-buffer v0.12.1
   Compiling digest v0.11.3
   Compiling portable-atomic v1.14.0
   Compiling generic-array v0.14.7
   Compiling getrandom v0.2.17
   Compiling critical-section v1.2.0
   Compiling once_cell v1.21.4
   Compiling block-buffer v0.10.4
   Compiling crypto-common v0.1.7
   Compiling serde v1.0.229
   Compiling digest v0.10.7
   Compiling thiserror-impl v2.0.19
   Compiling bytes v1.12.1
   Compiling thiserror v2.0.19
   Compiling rand_core v0.6.4
   Compiling hashbrown v0.17.1
   Compiling smallvec v1.15.2
   Compiling der v0.7.10
   Compiling sha2 v0.10.9
   Compiling serdect v0.2.0
   Compiling spki v0.7.3
   Compiling ff v0.13.1
   Compiling group v0.13.0
   Compiling pkcs8 v0.10.2
   Compiling sec1 v0.7.3
   Compiling crypto-bigint v0.5.5
   Compiling either v1.17.0
   Compiling hmac v0.12.1
   Compiling rfc6979 v0.4.0
   Compiling signature v2.2.0
   Compiling alloy-rlp v0.3.16
   Compiling ruint v1.20.0
   Compiling elliptic-curve v0.13.8
   Compiling sha3 v0.11.0
   Compiling ecdsa v0.16.9
   Compiling indexmap v2.14.0
   Compiling k256 v0.13.4
   Compiling const-hex v1.19.1
   Compiling tracing-core v0.1.36
   Compiling tracing v0.1.44
   Compiling alloy-primitives v1.6.1
   Compiling bitflags v2.13.1
   Compiling sha2 v0.11.0
   Compiling displaydoc v0.2.7
   Compiling futures-core v0.3.33
   Compiling alloy-eip7928 v0.4.5
   Compiling bitvec v1.1.1
   Compiling lock_api v0.4.14
   Compiling parking_lot_core v0.9.12
   Compiling revm-primitives v42.0.0
   Compiling alloy-eip2930 v0.2.3
   Compiling alloy-eip7702 v0.6.3
   Compiling base64 v0.22.1
   Compiling revm-bytecode v42.0.0
   Compiling tinystr v0.8.3
   Compiling nonmax v0.5.5
   Compiling futures-io v0.3.33
   Compiling icu_locale_core v2.2.0
   Compiling revm-state v42.0.0
   Compiling parking_lot v0.12.5
   Compiling ppv-lite86 v0.2.21
   Compiling zerotrie v0.2.4
   Compiling icu_collections v2.2.0
   Compiling icu_provider v2.2.0
   Compiling rand_chacha v0.3.1
   Compiling futures-channel v0.3.33
   Compiling ahash v0.8.12
   Compiling futures-task v0.3.33
   Compiling rand v0.8.7
   Compiling futures-util v0.3.33
   Compiling enum-ordinalize-derive v4.4.2
   Compiling enum-ordinalize v4.4.2
   Compiling icu_properties v2.2.0
   Compiling icu_normalizer v2.2.0
   Compiling ark-std v0.6.0
   Compiling serde_json v1.0.151
   Compiling ark-serialize v0.6.0
   Compiling serde_with v3.21.0
   Compiling idna_adapter v1.2.2
   Compiling educe v0.6.0
   Compiling alloy-eip2124 v0.2.0
   Compiling ark-ff v0.6.0
   Compiling idna v1.1.0
   Compiling revm-database-interface v42.0.0
   Compiling url v2.5.8
   Compiling alloy-serde v2.3.0
   Compiling ark-poly v0.6.0
   Compiling nybbles v0.4.8
   Compiling itertools v0.14.0
   Compiling alloy-trie v0.9.5
   Compiling ark-ec v0.6.0
   Compiling alloy-eips v2.3.0
   Compiling revm-context-interface v42.0.0
   Compiling tokio-macros v2.7.2
   Compiling der v0.8.1
   Compiling ff v0.14.0
   Compiling mio v1.2.2
   Compiling crypto-bigint v0.7.5
   Compiling tokio v1.53.1
   Compiling primeorder v0.13.6
   Compiling p256 v0.13.2
   Compiling alloy-consensus v2.3.0
   Compiling spki v0.8.0
   Compiling group v0.14.0
   Compiling ark-bn254 v0.6.0
   Compiling ark-bls12-381 v0.6.0
   Compiling ripemd v0.2.0
   Compiling sec1 v0.8.1
   Compiling revm-context v42.0.0
   Compiling revm-precompile v42.0.1
   Compiling pkcs8 v0.11.0
   Compiling rayon v1.12.0
   Compiling revm-interpreter v42.0.0
   Compiling raw-cpuid v11.6.0
   Compiling hmac v0.13.0
   Compiling signature v3.0.0
   Compiling revm-handler v42.0.1
   Compiling elliptic-curve v0.14.1
   Compiling quanta v0.12.6
   Compiling alloy-genesis v2.3.0
   Compiling futures-executor v0.3.33
   Compiling curve25519-dalek v5.0.0
   Compiling reth-primitives-traits v0.6.0
   Compiling futures v0.3.33
   Compiling revm-inspector v42.0.1
   Compiling rfc6979 v0.6.0
   Compiling wnaf v0.14.0
   Compiling primefield v0.14.0
   Compiling revm-database v42.0.0
   Compiling data-encoding-macro-internal v0.1.19
   Compiling primeorder v0.14.0
   Compiling prost v0.14.4
   Compiling revm v42.0.1
   Compiling ecdsa v0.17.0
   Compiling ed25519 v3.0.0
   Compiling ed25519-dalek v3.0.0
   Compiling k256 v0.14.0
   Compiling data-encoding-macro v0.1.21
   Compiling hkdf v0.13.0
   Compiling bs58 v0.5.1
   Compiling libp2p-identity v0.3.0
   Compiling multibase v0.9.3
   Compiling futures-timer v3.0.3
   Compiling alloy-chains v0.2.36
   Compiling multiaddr v0.19.0
   Compiling multistream-select v0.14.0 (https://github.com/libp2p/rust-libp2p.git?rev=6348a0be4aeb5b48eecf17a5d0aae15ff8239984#6348a0be)
   Compiling rw-stream-sink v0.5.0 (https://github.com/libp2p/rust-libp2p.git?rev=6348a0be4aeb5b48eecf17a5d0aae15ff8239984#6348a0be)
   Compiling alloy-hardforks v0.4.7
   Compiling libp2p-core v0.44.0 (https://github.com/libp2p/rust-libp2p.git?rev=6348a0be4aeb5b48eecf17a5d0aae15ff8239984#6348a0be)
   Compiling alloy-sol-types v1.6.1
   Compiling reth-trie-common v2.4.1 (/tmp/n42-ci-repro-j5wu4xcf/reth/crates/trie/common)
   Compiling alloy-evm v0.38.0
   Compiling reth-ethereum-primitives v2.4.1 (/tmp/n42-ci-repro-j5wu4xcf/reth/crates/ethereum/primitives)
   Compiling libp2p-swarm-derive v0.36.0 (https://github.com/libp2p/rust-libp2p.git?rev=6348a0be4aeb5b48eecf17a5d0aae15ff8239984#6348a0be)
   Compiling hashlink v0.12.1
   Compiling rustls-pki-types v1.15.1
   Compiling parity-scale-codec v3.7.5
   Compiling libp2p-swarm v0.48.0 (https://github.com/libp2p/rust-libp2p.git?rev=6348a0be4aeb5b48eecf17a5d0aae15ff8239984#6348a0be)
   Compiling aws-lc-rs v1.17.3
   Compiling ring v0.17.14
   Compiling reth-stages-types v2.4.1 (/tmp/n42-ci-repro-j5wu4xcf/reth/crates/stages/types)
   Compiling rustls v0.23.43
   Compiling reth-codecs v0.6.0
   Compiling reth-static-file-types v2.4.1 (/tmp/n42-ci-repro-j5wu4xcf/reth/crates/static-file/types)
   Compiling rustls-webpki v0.103.13
   Compiling reth-prune-types v2.4.1 (/tmp/n42-ci-repro-j5wu4xcf/reth/crates/prune/types)
   Compiling reth-ethereum-forks v2.4.1 (/tmp/n42-ci-repro-j5wu4xcf/reth/crates/ethereum/hardforks)
   Compiling netlink-sys v0.8.8
   Compiling reth-network-peers v2.4.1 (/tmp/n42-ci-repro-j5wu4xcf/reth/crates/net/peers)
   Compiling asn1-rs v0.7.2
   Compiling reth-chainspec v2.4.1 (/tmp/n42-ci-repro-j5wu4xcf/reth/crates/chainspec)
   Compiling netlink-proto v0.12.1
   Compiling reth-storage-errors v2.4.1 (/tmp/n42-ci-repro-j5wu4xcf/reth/crates/storage/errors)
   Compiling nix v0.30.1
   Compiling netlink-packet-route v0.28.0
   Compiling reth-execution-types v2.4.1 (/tmp/n42-ci-repro-j5wu4xcf/reth/crates/evm/execution-types)
   Compiling asynchronous-codec v0.7.0
   Compiling ipnet v2.12.1
   Compiling rtnetlink v0.20.0
   Compiling quinn-udp v0.5.15
   Compiling tokio-util v0.7.19
   Compiling blake2 v0.10.6
   Compiling tokio-stream v0.1.19
   Compiling fastbloom v0.17.0
   Compiling oid-registry v0.8.1
   Compiling prost-codec v0.4.0 (https://github.com/libp2p/rust-libp2p.git?rev=6348a0be4aeb5b48eecf17a5d0aae15ff8239984#6348a0be)
   Compiling reth-execution-errors v2.4.1 (/tmp/n42-ci-repro-j5wu4xcf/reth/crates/evm/execution-errors)
   Compiling der-parser v10.0.0
   Compiling futures-bounded v0.3.0
   Compiling quinn v0.11.11
   Compiling pem v3.0.6
   Compiling if-watch v3.2.2
   Compiling regex-automata v0.4.18
   Compiling quinn-proto v0.11.16
   Compiling x509-parser v0.18.1
   Compiling rcgen v0.13.2
   Compiling reth-tokio-util v2.4.1 (/tmp/n42-ci-repro-j5wu4xcf/reth/crates/tokio-util)
   Compiling futures-rustls v0.26.0
   Compiling alloy-rpc-types-engine v2.3.0
   Compiling reth-db-models v2.4.1 (/tmp/n42-ci-repro-j5wu4xcf/reth/crates/storage/db-models)
   Compiling zstd-sys v2.0.16+zstd.1.5.7
   Compiling yasna v0.6.0
   Compiling blake3 v1.8.5
   Compiling libp2p-tls v0.7.0 (https://github.com/libp2p/rust-libp2p.git?rev=6348a0be4aeb5b48eecf17a5d0aae15ff8239984#6348a0be)
   Compiling yamux v0.14.0
   Compiling async-channel v2.5.0
   Compiling reth-storage-api v2.4.1 (/tmp/n42-ci-repro-j5wu4xcf/reth/crates/storage/storage-api)
   Compiling snow v0.10.0
   Compiling regex v1.13.1
   Compiling hickory-proto v0.26.1
   Compiling x25519-dalek v3.0.0
   Compiling winnow v1.0.4
   Compiling libp2p-gossipsub v0.50.0 (https://github.com/libp2p/rust-libp2p.git?rev=6348a0be4aeb5b48eecf17a5d0aae15ff8239984#6348a0be)
   Compiling toml_parser v1.1.3+spec-1.1.0
   Compiling libp2p-noise v0.47.0 (https://github.com/libp2p/rust-libp2p.git?rev=6348a0be4aeb5b48eecf17a5d0aae15ff8239984#6348a0be)
   Compiling libp2p-mdns v0.49.0 (https://github.com/libp2p/rust-libp2p.git?rev=6348a0be4aeb5b48eecf17a5d0aae15ff8239984#6348a0be)
   Compiling reth-trie-sparse v2.4.1 (/tmp/n42-ci-repro-j5wu4xcf/reth/crates/trie/sparse)
   Compiling libp2p-quic v0.14.0 (https://github.com/libp2p/rust-libp2p.git?rev=6348a0be4aeb5b48eecf17a5d0aae15ff8239984#6348a0be)
   Compiling libp2p-kad v0.49.0 (https://github.com/libp2p/rust-libp2p.git?rev=6348a0be4aeb5b48eecf17a5d0aae15ff8239984#6348a0be)
   Compiling blst v0.3.17
   Compiling libp2p-yamux v0.48.0 (https://github.com/libp2p/rust-libp2p.git?rev=6348a0be4aeb5b48eecf17a5d0aae15ff8239984#6348a0be)
   Compiling libp2p-tcp v0.45.0 (https://github.com/libp2p/rust-libp2p.git?rev=6348a0be4aeb5b48eecf17a5d0aae15ff8239984#6348a0be)
   Compiling libp2p-request-response v0.30.0 (https://github.com/libp2p/rust-libp2p.git?rev=6348a0be4aeb5b48eecf17a5d0aae15ff8239984#6348a0be)
   Compiling libp2p-identify v0.48.0 (https://github.com/libp2p/rust-libp2p.git?rev=6348a0be4aeb5b48eecf17a5d0aae15ff8239984#6348a0be)
   Compiling libp2p-allow-block-list v0.7.0 (https://github.com/libp2p/rust-libp2p.git?rev=6348a0be4aeb5b48eecf17a5d0aae15ff8239984#6348a0be)
   Compiling libp2p-connection-limits v0.7.0 (https://github.com/libp2p/rust-libp2p.git?rev=6348a0be4aeb5b48eecf17a5d0aae15ff8239984#6348a0be)
   Compiling fixed-cache v0.1.10
   Compiling bincode v1.3.3
   Compiling serde_spanned v1.1.1
   Compiling toml_datetime v1.1.1+spec-1.1.0
   Compiling hashbrown v0.14.5
   Compiling base64 v0.21.7
   Compiling zstd-safe v7.2.4
   Compiling sha3 v0.10.9
   Compiling informalsystems-pbjson v0.7.0
   Compiling toml v1.1.4+spec-1.1.0
   Compiling dashmap v6.2.1
   Compiling n42-primitives v0.5.1 (/tmp/n42-ci-repro-j5wu4xcf/n42-26/crates/n42-primitives)
   Compiling reth-evm v2.4.1 (/tmp/n42-ci-repro-j5wu4xcf/reth/crates/evm/evm)
   Compiling prost v0.13.5
   Compiling libp2p v0.57.0 (https://github.com/libp2p/rust-libp2p.git?rev=6348a0be4aeb5b48eecf17a5d0aae15ff8239984#6348a0be)
   Compiling reth-trie v2.4.1 (/tmp/n42-ci-repro-j5wu4xcf/reth/crates/trie/trie)
   Compiling alloy-rpc-types-debug v2.3.0
   Compiling ripemd v0.1.3
   Compiling eyre v0.6.12
   Compiling ics23 v0.12.0
   Compiling reth-revm v2.4.1 (/tmp/n42-ci-repro-j5wu4xcf/reth/crates/revm)
   Compiling n42-chainspec v0.5.1 (/tmp/n42-ci-repro-j5wu4xcf/n42-26/crates/n42-chainspec)
   Compiling n42-parallel-evm v0.5.1 (/tmp/n42-ci-repro-j5wu4xcf/n42-26/crates/n42-parallel-evm)
   Compiling reth-evm-ethereum v2.4.1 (/tmp/n42-ci-repro-j5wu4xcf/reth/crates/ethereum/evm)
   Compiling reth-consensus v2.4.1 (/tmp/n42-ci-repro-j5wu4xcf/reth/crates/consensus/consensus)
   Compiling hashbrown v0.13.2
   Compiling itertools v0.10.5
   Compiling reth-libmdbx v2.4.1 (/tmp/n42-ci-repro-j5wu4xcf/reth/crates/storage/libmdbx-rs)
   Compiling jmt v0.12.0
   Compiling reth-consensus-common v2.4.1 (/tmp/n42-ci-repro-j5wu4xcf/reth/crates/consensus/common)
   Compiling n42-execution v0.5.1 (/tmp/n42-ci-repro-j5wu4xcf/n42-26/crates/n42-execution)
   Compiling zstd v0.13.3
   Compiling n42-bmt-core v0.5.1 (/tmp/n42-ci-repro-j5wu4xcf/n42-26/crates/n42-bmt-core)
   Compiling n42-twig-core v0.5.1 (/tmp/n42-ci-repro-j5wu4xcf/n42-26/crates/n42-twig-core)
   Compiling lru v0.18.2
   Compiling n42-jmt v0.5.1 (/tmp/n42-ci-repro-j5wu4xcf/n42-26/crates/n42-jmt)
   Compiling reth-ethereum-consensus v2.4.1 (/tmp/n42-ci-repro-j5wu4xcf/reth/crates/ethereum/consensus)
   Compiling n42-consensus v0.5.1 (/tmp/n42-ci-repro-j5wu4xcf/n42-26/crates/n42-consensus)
    Finished `release` profile [optimized] target(s) in 4m 16s
