2026-09-15T03:49:48.472718Z  INFO n42_stress: === N42 TPS Stress Test v10 (Burst Mode + Optimized Submission) ===
2026-09-15T03:49:48.472746Z  INFO n42_stress: Configuration target_tps=2000 duration=60 accounts=5000 batch_size=500 accounts_per_batch=100 erc20_ratio=0 concurrency=1024 max_pool=200000 resume_pool=100000 burst=0 rpc_count=4
2026-09-15T03:49:48.799608Z  INFO n42_stress: Recipient mapping: (nonce * total_senders + global_sender_index) modulo recipients path=".artifacts/native-four-20260914/recipients.json" recipients=147000 recipients_blake3=6bc55f1607193df1038dd702b474f6dcf341c4509ab3b4948287d7da9807b30e sender_stride=5000
2026-09-15T03:49:49.048732Z  INFO n42_stress: Offline signing: fresh genesis nonces only; running-chain state has not been checked genesis=".artifacts/native-four-20260914/artifacts/genesis.json" genesis_blake3=b8bc777e8b7ea19325331e067e2aefb8a07dd226e96b91bd05615478c59fd693 total=72000000
2026-09-15T03:49:49.088078Z  INFO n42_stress: === N42 Pre-sign Save Mode ===
2026-09-15T03:54:58.321485Z  INFO n42_stress: Pre-signed file atomically published path=.artifacts/native-four-20260914/presigned-minute-72m.bin total=72000000 total_bytes=10149233021 signing_threads=16 elapsed_ms=309233
	Command being timed: "target/release/n42-stress --presign-genesis .artifacts/native-four-20260914/artifacts/genesis.json --recipients-file .artifacts/native-four-20260914/recipients.json --presign-save .artifacts/native-four-20260914/presigned-minute-72m.bin --presign 72000000 --accounts 5000 --rpc http://127.0.0.1:23400,http://127.0.0.1:23401,http://127.0.0.1:23402,http://127.0.0.1:23403"
	User time (seconds): 4177.52
	System time (seconds): 13.19
	Percent of CPU this job got: 1352%
	Elapsed (wall clock) time (h:mm:ss or m:ss): 5:09.88
	Average shared text size (kbytes): 0
	Average unshared data size (kbytes): 0
	Average stack size (kbytes): 0
	Average total size (kbytes): 0
	Maximum resident set size (kbytes): 158856
	Average resident set size (kbytes): 0
	Major (requiring I/O) page faults: 75
	Minor (reclaiming a frame) page faults: 44046
	Voluntary context switches: 181364
	Involuntary context switches: 12814
	Swaps: 0
	File system inputs: 9336
	File system outputs: 19823024
	Socket messages sent: 0
	Socket messages received: 0
	Signals delivered: 0
	Page size (bytes): 4096
	Exit status: 0
