200000 0 0 before [90.329, 79.742, 74.267]
200000 0 0 after [82.665, 75.073, 72.271]
200000 0 1 after [81.576, 76.778, 73.786]
200000 0 1 before [80.98, 72.432, 68.294]
200000 0 2 before [80.583, 71.695, 70.388]
200000 0 2 after [80.457, 74.757, 74.08]
200000 0 3 after [80.948, 76.445, 74.975]
200000 0 3 before [81.206, 73.438, 72.787]
200000 0 4 before [81.763, 73.312, 70.135]
200000 0 4 after [80.806, 77.549, 82.164]
200000 0 5 after [81.115, 78.919, 77.821]
200000 0 5 before [86.832, 77.654, 73.184]
200000 1 0 before [67.967, 61.869, 59.415]
200000 1 0 after [65.566, 64.335, 61.551]
200000 1 1 after [66.478, 60.982, 60.172]
200000 1 1 before [66.991, 60.985, 62.126]
200000 1 2 before [67.34, 61.053, 58.234]
200000 1 2 after [66.331, 61.93, 59.204]
200000 1 3 after [68.898, 61.099, 59.534]
200000 1 3 before [68.024, 63.003, 61.323]
200000 1 4 before [68.784, 62.592, 60.027]
200000 1 4 after [67.32, 61.484, 61.192]
200000 1 5 after [66.867, 61.642, 60.131]
200000 1 5 before [67.294, 62.412, 61.508]
2000000 0 0 before [94.067, 78.6, 78.789]
2000000 0 0 after [95.328, 88.474, 84.042]
2000000 0 1 after [102.052, 94.666, 89.026]
2000000 0 1 before [94.409, 83.925, 84.71]
2000000 0 2 before [93.188, 78.287, 82.864]
2000000 0 2 after [94.338, 87.49, 81.897]
2000000 0 3 after [95.427, 85.882, 81.647]
2000000 0 3 before [94.123, 81.539, 82.291]
2000000 0 4 before [94.741, 79.998, 82.406]
2000000 0 4 after [94.096, 88.339, 82.171]
2000000 0 5 after [101.295, 89.777, 82.21]
2000000 0 5 before [93.406, 78.667, 80.912]
2000000 1 0 before [80.789, 72.928, 68.985]
2000000 1 0 after [81.013, 77.246, 72.498]
2000000 1 1 after [79.115, 73.412, 72.544]
2000000 1 1 before [79.59, 72.716, 70.512]
2000000 1 2 before [80.843, 76.723, 68.206]
2000000 1 2 after [79.874, 73.527, 70.077]
2000000 1 3 after [81.508, 72.747, 69.46]
2000000 1 3 before [79.679, 72.261, 69.352]
2000000 1 4 before [79.454, 75.143, 71.098]
2000000 1 4 after [79.032, 72.845, 71.324]
2000000 1 5 after [80.226, 74.601, 70.54]
2000000 1 5 before [81.46, 73.134, 69.898]
[
  {
    "keys": 200000,
    "ordered": 0,
    "version": "before",
    "count": 18,
    "median_ms": 73.85249999999999,
    "min_ms": 68.294,
    "max_ms": 90.329
  },
  {
    "keys": 200000,
    "ordered": 0,
    "version": "after",
    "count": 18,
    "median_ms": 77.685,
    "min_ms": 72.271,
    "max_ms": 82.665
  },
  {
    "keys": 200000,
    "ordered": 1,
    "version": "before",
    "count": 18,
    "median_ms": 62.269,
    "min_ms": 58.234,
    "max_ms": 68.784
  },
  {
    "keys": 200000,
    "ordered": 1,
    "version": "after",
    "count": 18,
    "median_ms": 61.596500000000006,
    "min_ms": 59.204,
    "max_ms": 68.898
  },
  {
    "keys": 2000000,
    "ordered": 0,
    "version": "before",
    "count": 18,
    "median_ms": 82.635,
    "min_ms": 78.287,
    "max_ms": 94.741
  },
  {
    "keys": 2000000,
    "ordered": 0,
    "version": "after",
    "count": 18,
    "median_ms": 88.75,
    "min_ms": 81.647,
    "max_ms": 102.052
  },
  {
    "keys": 2000000,
    "ordered": 1,
    "version": "before",
    "count": 18,
    "median_ms": 73.031,
    "min_ms": 68.206,
    "max_ms": 81.46
  },
  {
    "keys": 2000000,
    "ordered": 1,
    "version": "after",
    "count": 18,
    "median_ms": 73.46950000000001,
    "min_ms": 69.46,
    "max_ms": 81.508
  }
]
