   Compiling n42-qmdb-readbench v0.1.0 (/tmp/n42-qmdb-readbench)
warning: methods `block_hash` and `root` are never used
   --> /home/n42/src/n42/n42-26/crates/n42-node/src/qmdb_read_view.rs:221:18
    |
124 | impl QmdbReadView {
    | ----------------- methods in this implementation
...
221 |     pub const fn block_hash(&self) -> B256 {
    |                  ^^^^^^^^^^
...
224 |     pub const fn root(&self) -> B256 {
    |                  ^^^^
    |
    = note: `#[warn(dead_code)]` (part of `#[warn(unused)]`) on by default

warning: methods `block_hash` and `root` are never used
  --> /tmp/n42-readview-baseline.rs:76:18
   |
43 | impl QmdbReadView {
   | ----------------- methods in this implementation
...
76 |     pub const fn block_hash(&self) -> B256 {
   |                  ^^^^^^^^^^
...
79 |     pub const fn root(&self) -> B256 {
   |                  ^^^^

warning: methods `block_hash` and `root` are never used
   --> /tmp/n42-readview-sharded-arc.rs:169:18
    |
 88 | impl QmdbReadView {
    | ----------------- methods in this implementation
...
169 |     pub const fn block_hash(&self) -> B256 {
    |                  ^^^^^^^^^^
...
172 |     pub const fn root(&self) -> B256 {
    |                  ^^^^

warning: methods `block_hash` and `root` are never used
   --> /tmp/n42-readview-sharded-inline.rs:202:18
    |
123 | impl QmdbReadView {
    | ----------------- methods in this implementation
...
202 |     pub const fn block_hash(&self) -> B256 {
    |                  ^^^^^^^^^^
...
205 |     pub const fn root(&self) -> B256 {
    |                  ^^^^

warning: `n42-qmdb-readbench` (lib test) generated 4 warnings
    Finished `release` profile [optimized] target(s) in 3.18s
     Running unittests lib.rs (/tmp/n42-qmdb-readbench/target/release/deps/n42_qmdb_readbench-9c1c19ddbc27fc78)

running 1 test
read_view keys=200000 initialize_ms=54.767
read_view updates=147000 derive_ms=89.553
read_view threads=1 reads=1000000 elapsed_ms=338.732 reads_per_second=2952190
read_view threads=16 reads=1000000 elapsed_ms=35.319 reads_per_second=28313681
test qmdb_read_view::tests::bench_immutable_read_views ... ok

test result: ok. 1 passed; 0 failed; 0 ignored; 0 measured; 16 filtered out; finished in 0.86s

