200000 0 0 before [75.642, 74.609, 74.375]
200000 0 0 batch [81.314, 73.317, 70.058]
200000 0 0 after [77.768, 68.8, 64.838]
200000 0 1 batch [78.727, 73.269, 72.386]
200000 0 1 after [78.484, 66.973, 66.306]
200000 0 1 before [77.01, 70.4, 66.162]
200000 0 2 after [72.664, 64.702, 64.965]
200000 0 2 before [76.995, 70.543, 68.243]
200000 0 2 batch [99.159, 80.311, 75.582]
200000 0 3 before [79.331, 70.376, 68.931]
200000 0 3 batch [75.39, 70.19, 68.91]
200000 0 3 after [75.233, 66.122, 62.891]
200000 0 4 batch [75.041, 70.406, 69.287]
200000 0 4 after [74.051, 65.3, 66.971]
200000 0 4 before [76.766, 70.782, 65.867]
200000 0 5 after [75.452, 66.039, 62.673]
200000 0 5 before [76.968, 70.154, 67.376]
200000 0 5 batch [75.841, 71.015, 69.935]
2000000 0 0 before [89.326, 83.682, 80.967]
2000000 0 0 batch [87.035, 79.308, 80.193]
2000000 0 0 after [87.213, 80.109, 76.445]
2000000 0 1 batch [88.97, 83.74, 79.877]
2000000 0 1 after [86.128, 79.996, 78.113]
2000000 0 1 before [90.828, 84.489, 95.486]
2000000 0 2 after [85.686, 79.363, 76.194]
2000000 0 2 before [89.061, 82.933, 79.814]
2000000 0 2 batch [92.029, 87.227, 81.564]
2000000 0 3 before [89.943, 81.184, 79.223]
2000000 0 3 batch [87.787, 84.115, 80.485]
2000000 0 3 after [86.197, 78.593, 76.275]
2000000 0 4 batch [91.135, 81.604, 81.657]
2000000 0 4 after [85.441, 78.641, 75.313]
2000000 0 4 before [90.894, 82.201, 79.113]
2000000 0 5 after [85.053, 78.752, 76.296]
2000000 0 5 before [95.506, 83.182, 80.488]
2000000 0 5 batch [89.918, 81.209, 78.555]
[
  {
    "keys": 200000,
    "ordered": 0,
    "version": "before",
    "count": 18,
    "median_ms": 70.6625,
    "min_ms": 65.867,
    "max_ms": 79.331
  },
  {
    "keys": 200000,
    "ordered": 0,
    "version": "batch",
    "count": 18,
    "median_ms": 73.293,
    "min_ms": 68.91,
    "max_ms": 99.159
  },
  {
    "keys": 200000,
    "ordered": 0,
    "version": "after",
    "count": 18,
    "median_ms": 66.6385,
    "min_ms": 62.673,
    "max_ms": 78.484
  },
  {
    "keys": 2000000,
    "ordered": 0,
    "version": "before",
    "count": 18,
    "median_ms": 83.432,
    "min_ms": 79.113,
    "max_ms": 95.506
  },
  {
    "keys": 2000000,
    "ordered": 0,
    "version": "batch",
    "count": 18,
    "median_ms": 82.6985,
    "min_ms": 78.555,
    "max_ms": 92.029
  },
  {
    "keys": 2000000,
    "ordered": 0,
    "version": "after",
    "count": 18,
    "median_ms": 79.0575,
    "min_ms": 75.313,
    "max_ms": 87.213
  }
]
