   Compiling n42-execution v0.5.1 (/tmp/n42-ci-repro-j5wu4xcf/n42-26/crates/n42-execution)
    Finished `test` profile [unoptimized + debuginfo] target(s) in 1.77s
     Running unittests src/lib.rs (target/debug/deps/n42_execution-d37e34c5d3f3d63e)

running 115 tests
test execution_path::tests::execution_paths_keep_workload_and_strategy_separate ... ok
test evm_config::tests::test_evm_config_clone ... ok
test evm_config::tests::test_evm_config_chain_spec ... ok
test evm_config::tests::test_evm_config_creation ... ok
test evm_config::tests::test_evm_config_inner ... ok
test evm_config::tests::test_evm_config_debug ... ok
test fast_transfer::tests::a_wrong_nonce_goes_to_the_interpreter ... ok
test fast_transfer::tests::dynamically_installed_high_address_precompile_is_never_treated_as_eoa ... ok
test fast_transfer::tests::bundle_of_a_transfer_to_a_new_account ... ok
test fast_transfer::tests::inspector_creation_and_toggling_keep_interpreter_observable ... ok
test precompile_random::tests::test_get_random_returns_32_bytes ... ok
test fast_transfer::tests::eip1559_transfer_to_an_existing_account ... ok
test read_log::tests::test_balance_1_byte ... ok
test read_log::tests::test_balance_max ... ok
test read_log::tests::test_block_hash_zero ... ok
test fast_transfer::tests::legacy_transfer ... ok
test fast_transfer::tests::eip1559_transfer_to_a_new_account ... ok
test precompile_random::tests::test_unknown_selector ... ok
test precompile_random::tests::test_get_random_in_range_zero_max_errors ... ok
test fast_transfer::tests::account_edge_cases_fall_back_without_changing_results ... ok
test read_log::tests::test_compact_encoding_saves_space ... ok
test read_log::tests::test_contract_all_max_values ... ok
test read_log::tests::test_code_by_hash_skips_empty_hash ... ok
test read_log::tests::test_contract_zero_nonce_zero_balance ... ok
test read_log::tests::test_decode_corrupted_balance_len ... ok
test read_log::tests::test_code_by_hash_captures_bytecode ... ok
test read_log::tests::test_decode_entry_count_overflow ... ok
test read_log::tests::test_decode_invalid_account_tag_without_exists_bit ... ok
test fast_transfer::tests::malformed_transactions_preserve_interpreter_errors ... ok
test fast_transfer::tests::a_transfer_to_self_goes_to_the_interpreter ... ok
test fast_transfer::tests::environment_overrides_and_missing_header_fields_fall_back ... ok
test precompile_random::tests::test_get_random_in_range ... ok
test precompile_random::tests::test_out_of_gas ... ok
test precompile_random::tests::test_get_random_with_seed ... ok
test read_log::tests::test_decode_invalid_tag ... ok
test fast_transfer::tests::bundle_of_a_transfer_to_an_existing_account ... ok
test read_log::tests::test_decode_too_short ... ok
test read_log::tests::test_decode_truncated_account_code_hash ... ok
test read_log::tests::test_decode_truncated_account_nonce ... ok
test precompile_random::tests::test_get_random_deterministic ... ok
test read_log::tests::test_decode_invalid_tag_above_c0 ... ok
test fast_transfer::tests::n42_randomness_precompile_is_preserved_even_with_empty_calldata ... ok
test fast_transfer::tests::bundle_of_two_transfers_in_one_block ... ok
test read_log::tests::test_decode_invalid_tag_in_gap ... ok
test read_log::tests::test_decode_truncated_data ... ok
test fast_transfer::tests::read_errors_are_propagated_instead_of_treated_as_missing_accounts ... ok
test read_log::tests::test_decode_truncated_block_hash ... ok
test read_log::tests::test_decode_truncated_storage_value ... ok
test read_log::tests::test_decode_with_trailing_bytes ... ok
test fast_transfer::tests::zero_value_to_a_new_account_goes_to_the_interpreter ... ok
test fast_transfer::tests::tip_capped_by_the_max_fee ... ok
test read_log::tests::test_encode_decode_account_not_found ... ok
test read_log::tests::test_encode_decode_block_hash ... ok
test read_log::tests::test_encode_decode_contract ... ok
test read_log::tests::test_encode_decode_empty_log ... ok
test fast_transfer::tests::mixed_fast_and_contract_transactions_preserve_storage_and_reverts ... ok
test read_log::tests::test_encode_decode_eoa_large_nonce ... ok
test read_log::tests::test_encode_decode_eoa_with_nonce ... ok
test read_log::tests::test_encode_decode_eoa_with_values ... ok
test read_log::tests::test_encode_decode_eoa_zero_values ... ok
test read_log::tests::test_encode_decode_mixed_log ... ok
test read_log::tests::test_encode_decode_storage ... ok
test read_log::tests::test_encode_decode_storage_max ... ok
test read_log::tests::test_encode_decode_storage_zero ... ok
test read_log::tests::test_multiple_account_not_found ... ok
test read_log::tests::test_nonce_7_byte_max ... ok
test read_log::tests::test_nonce_boundary_1_byte ... ok
test read_log::tests::test_nonce_8_byte_boundary ... ok
test read_log::tests::test_nonce_boundary_2_bytes ... ok
test read_log::tests::test_nonce_boundary_each_byte_count ... ok
test read_log::tests::test_read_log_database_capture ... ok
test read_log::tests::test_read_log_database_code_not_logged ... ok
test read_log::tests::test_significant_bytes_be32 ... ok
test read_log::tests::test_read_log_database_captures_bytecode_from_basic ... ok
test read_log::tests::test_significant_bytes_u64 ... ok
test read_log::tests::test_storage_1_byte_value ... ok
test read_log::tests::test_storage_2_byte_boundary ... ok
test read_log::tests::test_variable_length_storage_encoding ... ok
test state_diff::tests::test_account_change_type_equality ... ok
test state_diff::tests::test_account_change_type_serde_roundtrip ... ok
test state_diff::tests::test_state_diff_code_change ... ok
test state_diff::tests::test_state_diff_created_account ... ok
test state_diff::tests::test_state_diff_bincode_roundtrip ... ok
test state_diff::tests::test_state_diff_created_then_destroyed_is_absent ... ok
test state_diff::tests::test_state_diff_default_empty ... ok
test state_diff::tests::test_state_diff_destroyed_account ... ok
test state_diff::tests::test_bundle_state_serde_roundtrip_preserves_storage ... ok
test state_diff::tests::test_state_diff_destroyed_then_recreated_is_not_dropped ... ok
test state_diff::tests::test_state_diff_from_empty_bundle ... ok
test state_diff::tests::test_state_diff_modified_account ... ok
test state_diff::tests::test_state_diff_destroyed_with_storage ... ok
test state_diff::tests::test_state_diff_multiple_accounts ... ok
test state_diff::tests::test_state_diff_no_actual_change_filtered ... ok
test state_diff::tests::test_state_diff_storage_changes ... ok
test state_diff::tests::test_state_diff_summary_empty ... ok
test state_diff::tests::test_state_diff_serde_json_roundtrip ... ok
test state_diff::tests::test_state_diff_summary_methods ... ok
test state_diff::tests::test_value_change_equality ... ok
test state_diff::tests::test_state_diff_unchanged_storage_filtered ... ok
test state_diff::tests::test_value_change_new ... ok
test witness::tests::test_compact_empty_witness ... ok
test witness::tests::test_compact_all_cached ... ok
test witness::tests::test_compact_no_cached_codes ... ok
test witness::tests::test_compact_preserves_keys_and_hashed_state ... ok
test witness::tests::test_compact_deduplicates_cached_hashes ... ok
test witness::tests::test_compact_witness_default ... ok
test witness::tests::test_compact_witness_bincode_roundtrip ... ok
test witness::tests::test_execution_witness_default ... ok
test witness::tests::test_execution_witness_bincode_roundtrip ... ok
test witness::tests::test_compact_witness_serde_json_roundtrip ... ok
test witness::tests::test_compact_partial_cache ... ok
test witness::tests::test_total_code_bytes ... ok
test witness::tests::test_execution_witness_serde_json_roundtrip ... ok
test fast_transfer::tests::supported_forks_and_transaction_types_match_complete_bundles ... ok
test restored_slots::tests::the_registry_is_keyed_ordered_and_bounded ... ok

test result: ok. 115 passed; 0 failed; 0 ignored; 0 measured; 0 filtered out; finished in 0.01s

